Component: ARM Compiler 5.06 update 7 (build 960) Tool: armlink [4d3601]

==============================================================================

Section Cross References

    main.o(i.AdcTask) refers to adc.o(i.Get_ADC_value) for Get_ADC_value
    main.o(i.AdcTask) refers to ffltui.o(.text) for __aeabi_ui2f
    main.o(i.AdcTask) refers to fmul.o(.text) for __aeabi_fmul
    main.o(i.AdcTask) refers to fdiv.o(.text) for __aeabi_fdiv
    main.o(i.AdcTask) refers to event_groups.o(i.xEventGroupWaitBits) for xEventGroupWaitBits
    main.o(i.AdcTask) refers to f2d.o(.text) for __aeabi_f2d
    main.o(i.AdcTask) refers to printfa.o(i.__0printf) for __2printf
    main.o(i.AdcTask) refers to oled.o(i.OLED_ShowStr) for OLED_ShowStr
    main.o(i.AdcTask) refers to ffixi.o(.text) for __aeabi_f2iz
    main.o(i.AdcTask) refers to oled.o(i.OLED_ShowInt) for OLED_ShowInt
    main.o(i.AdcTask) refers to tasks.o(i.vTaskDelay) for vTaskDelay
    main.o(i.AdcTask) refers to main.o(.data) for temp
    main.o(i.AppTask) refers to event_groups.o(i.xEventGroupCreate) for xEventGroupCreate
    main.o(i.AppTask) refers to tasks.o(i.xTaskCreate) for xTaskCreate
    main.o(i.AppTask) refers to tasks.o(i.vTaskDelete) for vTaskDelete
    main.o(i.AppTask) refers to main.o(.data) for EventGroupHandler
    main.o(i.AppTask) refers to main.o(i.LedTask) for LedTask
    main.o(i.AppTask) refers to main.o(i.AdcTask) for AdcTask
    main.o(i.AppTask) refers to main.o(i.display_logotask) for display_logotask
    main.o(i.AppTask) refers to main.o(i.MenuTask) for MenuTask
    main.o(i.AppTask) refers to main.o(i.Temp_ds18b20Task) for Temp_ds18b20Task
    main.o(i.GPIO_Configuration) refers to stm32f10x_rcc.o(i.RCC_APB2PeriphClockCmd) for RCC_APB2PeriphClockCmd
    main.o(i.GPIO_Configuration) refers to stm32f10x_gpio.o(i.GPIO_Init) for GPIO_Init
    main.o(i.GPIO_Configuration) refers to timer.o(i.ledctrl) for ledctrl
    main.o(i.LedTask) refers to event_groups.o(i.xEventGroupWaitBits) for xEventGroupWaitBits
    main.o(i.LedTask) refers to timer.o(i.ledctrl) for ledctrl
    main.o(i.LedTask) refers to tasks.o(i.vTaskDelay) for vTaskDelay
    main.o(i.LedTask) refers to main.o(.data) for EventGroupHandler
    main.o(i.MenuTask) refers to menu.o(i.list_choose) for list_choose
    main.o(i.MenuTask) refers to oled.o(i.LIne_Clear) for LIne_Clear
    main.o(i.MenuTask) refers to oled.o(i.OLED_DrawBMP) for OLED_DrawBMP
    main.o(i.MenuTask) refers to stm32f10x_gpio.o(i.GPIO_ReadInputDataBit) for GPIO_ReadInputDataBit
    main.o(i.MenuTask) refers to oled.o(i.OLED_Clear) for OLED_Clear
    main.o(i.MenuTask) refers to oled.o(i.OLED_ShowStr) for OLED_ShowStr
    main.o(i.MenuTask) refers to event_groups.o(i.xEventGroupSetBits) for xEventGroupSetBits
    main.o(i.MenuTask) refers to event_groups.o(i.xEventGroupClearBits) for xEventGroupClearBits
    main.o(i.MenuTask) refers to tasks.o(i.vTaskDelay) for vTaskDelay
    main.o(i.MenuTask) refers to delay.o(i.delay_xms) for delay_xms
    main.o(i.MenuTask) refers to main.o(.data) for face
    main.o(i.MenuTask) refers to oled.o(.data) for BMP2
    main.o(i.Temp_ds18b20Task) refers to ds18b20.o(i.DS18B20_GetTemperature) for DS18B20_GetTemperature
    main.o(i.Temp_ds18b20Task) refers to tasks.o(i.vTaskDelay) for vTaskDelay
    main.o(i.Temp_ds18b20Task) refers to main.o(.data) for temp
    main.o(i.display_logotask) refers to port.o(i.vPortEnterCritical) for vPortEnterCritical
    main.o(i.display_logotask) refers to oled.o(i.OLED_Init) for OLED_Init
    main.o(i.display_logotask) refers to oled.o(i.OLED_DrawBMP) for OLED_DrawBMP
    main.o(i.display_logotask) refers to delay.o(i.delay_xms) for delay_xms
    main.o(i.display_logotask) refers to oled.o(i.OLED_Clear) for OLED_Clear
    main.o(i.display_logotask) refers to oled.o(i.OLED_ShowStr) for OLED_ShowStr
    main.o(i.display_logotask) refers to oled.o(i.OLED_ShowInt) for OLED_ShowInt
    main.o(i.display_logotask) refers to port.o(i.vPortExitCritical) for vPortExitCritical
    main.o(i.display_logotask) refers to tasks.o(i.vTaskDelete) for vTaskDelete
    main.o(i.display_logotask) refers to oled.o(.data) for BMP1
    main.o(i.display_logotask) refers to main.o(.data) for DISPLAY_LOGOTask_Handle
    main.o(i.main) refers to misc.o(i.NVIC_PriorityGroupConfig) for NVIC_PriorityGroupConfig
    main.o(i.main) refers to main.o(i.GPIO_Configuration) for GPIO_Configuration
    main.o(i.main) refers to timer.o(i.RCC_Config) for RCC_Config
    main.o(i.main) refers to timer.o(i.TIM2_Config) for TIM2_Config
    main.o(i.main) refers to usart.o(i.Usart_Init) for Usart_Init
    main.o(i.main) refers to adc.o(i.ADC_config) for ADC_config
    main.o(i.main) refers to delay.o(i.delay_init) for delay_init
    main.o(i.main) refers to oled.o(i.OLED_Config) for OLED_Config
    main.o(i.main) refers to ds18b20.o(i.DS18B20_Init) for DS18B20_Init
    main.o(i.main) refers to tasks.o(i.xTaskCreate) for xTaskCreate
[...]
    ../clib/microlib/init/entry.s            0x00000000   Number         0  entry.o ABSOLUTE
    ../clib/microlib/init/entry.s            0x00000000   Number         0  entry8b.o ABSOLUTE
    ../clib/microlib/init/entry.s            0x00000000   Number         0  entry8a.o ABSOLUTE
    ../clib/microlib/init/entry.s            0x00000000   Number         0  entry7b.o ABSOLUTE
    ../clib/microlib/init/entry.s            0x00000000   Number         0  entry7a.o ABSOLUTE
    ../clib/microlib/init/entry.s            0x00000000   Number         0  entry5.o ABSOLUTE
    ../clib/microlib/init/entry.s            0x00000000   Number         0  entry2.o ABSOLUTE
    ../clib/microlib/longlong.c              0x00000000   Number         0  llsshr.o ABSOLUTE
    ../clib/microlib/longlong.c              0x00000000   Number         0  llushr.o ABSOLUTE
    ../clib/microlib/longlong.c              0x00000000   Number         0  llshl.o ABSOLUTE
    ../clib/microlib/printf/printf.c         0x00000000   Number         0  printf1.o ABSOLUTE
    ../clib/microlib/printf/printf.c         0x00000000   Number         0  printf0.o ABSOLUTE
    ../clib/microlib/printf/printf.c         0x00000000   Number         0  printfb.o ABSOLUTE
    ../clib/microlib/printf/printf.c         0x00000000   Number         0  printf3.o ABSOLUTE
    ../clib/microlib/printf/printf.c         0x00000000   Number         0  printf8.o ABSOLUTE
    ../clib/microlib/printf/printf.c         0x00000000   Number         0  printfa.o ABSOLUTE
    ../clib/microlib/printf/printf.c         0x00000000   Number         0  printf2.o ABSOLUTE
    ../clib/microlib/printf/printf.c         0x00000000   Number         0  printf7.o ABSOLUTE
    ../clib/microlib/printf/printf.c         0x00000000   Number         0  printf6.o ABSOLUTE
    ../clib/microlib/printf/printf.c         0x00000000   Number         0  printf5.o ABSOLUTE
    ../clib/microlib/printf/printf.c         0x00000000   Number         0  printf4.o ABSOLUTE
    ../clib/microlib/printf/stubs.s          0x00000000   Number         0  stubs.o ABSOLUTE
    ../clib/microlib/string/memcpy.c         0x00000000   Number         0  memcpya.o ABSOLUTE
    ../clib/microlib/string/memcpy.c         0x00000000   Number         0  memcpyb.o ABSOLUTE
    ../clib/microlib/stubs.s                 0x00000000   Number         0  iusefp.o ABSOLUTE
    ../clib/microlib/stubs.s                 0x00000000   Number         0  useno.o ABSOLUTE
    ../fplib/microlib/f2d.c                  0x00000000   Number         0  f2d.o ABSOLUTE
    ../fplib/microlib/fpadd.c                0x00000000   Number         0  dadd.o ABSOLUTE
    ../fplib/microlib/fpdiv.c                0x00000000   Number         0  fdiv.o ABSOLUTE
    ../fplib/microlib/fpdiv.c                0x00000000   Number         0  ddiv.o ABSOLUTE
    ../fplib/microlib/fpepilogue.c           0x00000000   Number         0  depilogue.o ABSOLUTE
    ../fplib/microlib/fpepilogue.c           0x00000000   Number         0  fepilogue.o ABSOLUTE
    ../fplib/microlib/fpfix.c                0x00000000   Number         0  ffixi.o ABSOLUTE
    ../fplib/microlib/fpfix.c                0x00000000   Number         0  dfixul.o ABSOLUTE
    ../fplib/microlib/fpflt.c                0x00000000   Number         0  ffltui.o ABSOLUTE
    ../fplib/microlib/fpmul.c                0x00000000   Number         0  fmul.o ABSOLUTE
    ../fplib/microlib/fpmul.c                0x00000000   Number         0  dmul.o ABSOLUTE
    ..\FreeRTOS\croutine.c                   0x00000000   Number         0  croutine.o ABSOLUTE
    ..\FreeRTOS\event_groups.c               0x00000000   Number         0  event_groups.o ABSOLUTE
    ..\FreeRTOS\list.c                       0x00000000   Number         0  list.o ABSOLUTE
    ..\FreeRTOS\portable\MemMang\heap_4.c    0x00000000   Number         0  heap_4.o ABSOLUTE
    ..\FreeRTOS\portable\RVDS\ARM_CM3\port.c 0x00000000   Number         0  port.o ABSOLUTE
    ..\FreeRTOS\queue.c                      0x00000000   Number         0  queue.o ABSOLUTE
    ..\FreeRTOS\tasks.c                      0x00000000   Number         0  tasks.o ABSOLUTE
    ..\FreeRTOS\timers.c                     0x00000000   Number         0  timers.o ABSOLUTE
    ..\Libraries\CMSIS\CM3\CoreSupport\core_cm3.c 0x00000000   Number         0  core_cm3.o ABSOLUTE
    ..\Libraries\CMSIS\CM3\DeviceSupport\ST\STM32F10x\startup\arm\startup_stm32f10x_hd.s 0x00000000   Number         0  startup_stm32f10x_hd.o ABSOLUTE
    ..\Libraries\STM32F10x_StdPeriph_Driver\src\misc.c 0x00000000   Number         0  misc.o ABSOLUTE
    ..\Libraries\STM32F10x_StdPeriph_Driver\src\stm32f10x_adc.c 0x00000000   Number         0  stm32f10x_adc.o ABSOLUTE
    ..\Libraries\STM32F10x_StdPeriph_Driver\src\stm32f10x_bkp.c 0x00000000   Number         0  stm32f10x_bkp.o ABSOLUTE
    ..\Libraries\STM32F10x_StdPeriph_Driver\src\stm32f10x_can.c 0x00000000   Number         0  stm32f10x_can.o ABSOLUTE
    ..\Libraries\STM32F10x_StdPeriph_Driver\src\stm32f10x_cec.c 0x00000000   Number         0  stm32f10x_cec.o ABSOLUTE
    ..\Libraries\STM32F10x_StdPeriph_Driver\src\stm32f10x_crc.c 0x00000000   Number         0  stm32f10x_crc.o ABSOLUTE
    ..\Libraries\STM32F10x_StdPeriph_Driver\src\stm32f10x_dac.c 0x00000000   Number         0  stm32f10x_dac.o ABSOLUTE
    ..\Libraries\STM32F10x_StdPeriph_Driver\src\stm32f10x_dbgmcu.c 0x00000000   Number         0  stm32f10x_dbgmcu.o ABSOLUTE
    ..\Libraries\STM32F10x_StdPeriph_Driver\src\stm32f10x_dma.c 0x00000000   Number         0  stm32f10x_dma.o ABSOLUTE
    ..\Libraries\STM32F10x_StdPeriph_Driver\src\stm32f10x_exti.c 0x00000000   Number         0  stm32f10x_exti.o ABSOLUTE
    ..\Libraries\STM32F10x_StdPeriph_Driver\src\stm32f10x_flash.c 0x00000000   Number         0  stm32f10x_flash.o ABSOLUTE
    ..\Libraries\STM32F10x_StdPeriph_Driver\src\stm32f10x_fsmc.c 0x00000000   Number         0  stm32f10x_fsmc.o ABSOLUTE
    ..\Libraries\STM32F10x_StdPeriph_Driver\src\stm32f10x_gpio.c 0x00000000   Number         0  stm32f10x_gpio.o ABSOLUTE
    ..\Libraries\STM32F10x_StdPeriph_Driver\src\stm32f10x_i2c.c 0x00000000   Number         0  stm32f10x_i2c.o ABSOLUTE
    ..\Libraries\STM32F10x_StdPeriph_Driver\src\stm32f10x_iwdg.c 0x00000000   Number         0  stm32f10x_iwdg.o ABSOLUTE
    ..\Libraries\STM32F10x_StdPeriph_Driver\src\stm32f10x_pwr.c 0x00000000   Number         0  stm32f10x_pwr.o ABSOLUTE
    ..\Libraries\STM32F10x_StdPeriph_Driver\src\stm32f10x_rcc.c 0x00000000   Number         0  stm32f10x_rcc.o ABSOLUTE
    ..\Libraries\STM32F10x_StdPeriph_Driver\src\stm32f10x_rtc.c 0x00000000   Number         0  stm32f10x_rtc.o ABSOLUTE
    ..\Libraries\STM32F10x_StdPeriph_Driver\src\stm32f10x_sdio.c 0x00000000   Number         0  stm32f10x_sdio.o ABSOLUTE
    ..\Libraries\STM32F10x_StdPeriph_Driver\src\stm32f10x_spi.c 0x00000000   Number         0  stm32f10x_spi.o ABSOLUTE
    ..\Libraries\STM32F10x_StdPeriph_Driver\src\stm32f10x_tim.c 0x00000000   Number         0  stm32f10x_tim.o ABSOLUTE
    ..\Libraries\STM32F10x_StdPeriph_Driver\src\stm32f10x_usart.c 0x00000000   Number         0  stm32f10x_usart.o ABSOLUTE
    ..\Libraries\STM32F10x_StdPeriph_Driver\src\stm32f10x_wwdg.c 0x00000000   Number         0  stm32f10x_wwdg.o ABSOLUTE
    ..\USER\DS18B20.c                        0x00000000   Number         0  ds18b20.o ABSOLUTE
    ..\USER\OLED.c                           0x00000000   Number         0  oled.o ABSOLUTE
    ..\USER\adc.c                            0x00000000   Number         0  adc.o ABSOLUTE
    ..\USER\delay.c                          0x00000000   Number         0  delay.o ABSOLUTE
    ..\USER\main.c                           0x00000000   Number         0  main.o ABSOLUTE
    ..\USER\menu.c                           0x00000000   Number         0  menu.o ABSOLUTE
    ..\USER\myiic.c                          0x00000000   Number         0  myiic.o ABSOLUTE
    ..\USER\stm32f10x_it.c                   0x00000000   Number         0  stm32f10x_it.o ABSOLUTE
    ..\USER\sys.c                            0x00000000   Number         0  sys.o ABSOLUTE
    ..\USER\system_stm32f10x.c               0x00000000   Number         0  system_stm32f10x.o ABSOLUTE
    ..\USER\timer.c                          0x00000000   Number         0  timer.o ABSOLUTE
    ..\USER\usart.c                          0x00000000   Number         0  usart.o ABSOLUTE
    ..\\FreeRTOS\\portable\\RVDS\\ARM_CM3\\port.c 0x00000000   Number         0  port.o ABSOLUTE
    ..\\Libraries\\CMSIS\\CM3\\CoreSupport\\core_cm3.c 0x00000000   Number         0  core_cm3.o ABSOLUTE
    ..\\USER\\sys.c                          0x00000000   Number         0  sys.o ABSOLUTE
    cdrcmple.s                               0x00000000   Number         0  cdrcmple.o ABSOLUTE
    dc.s                                     0x00000000   Number         0  dc.o ABSOLUTE
    handlers.s                               0x00000000   Number         0  handlers.o ABSOLUTE
    init.s                                   0x00000000   Number         0  init.o ABSOLUTE
    RESET                                    0x08000000   Section      304  startup_stm32f10x_hd.o(RESET)
    .ARM.Collect$$$$00000000                 0x08000130   Section        0  entry.o(.ARM.Collect$$$$00000000)
    .ARM.Collect$$$$00000001                 0x08000130   Section        4  entry2.o(.ARM.Collect$$$$00000001)
    .ARM.Collect$$$$00000004                 0x08000134   Section        4  entry5.o(.ARM.Collect$$$$00000004)
    .ARM.Collect$$$$00000008                 0x08000138   Section        0  entry7b.o(.ARM.Collect$$$$00000008)
    .ARM.Collect$$$$0000000A                 0x08000138   Section        0  entry8b.o(.ARM.Collect$$$$0000000A)
    .ARM.Collect$$$$0000000B                 0x08000138   Section        8  entry9a.o(.ARM.Collect$$$$0000000B)
    .ARM.Collect$$$$0000000E                 0x08000140   Section        4  entry12b.o(.ARM.Collect$$$$0000000E)
    .ARM.Collect$$$$0000000F                 0x08000144   Section        0  entry10a.o(.ARM.Collect$$$$0000000F)
    .ARM.Collect$$$$00000011                 0x08000144   Section        0  entry11a.o(.ARM.Collect$$$$00000011)
    .ARM.Collect$$$$00002712                 0x08000144   Section        4  entry2.o(.ARM.Collect$$$$00002712)
    __lit__00000000                          0x08000144   Data           4  entry2.o(.ARM.Collect$$$$00002712)
    .emb_text                                0x08000148   Section      150  port.o(.emb_text)
    .text                                    0x080001e0   Section       36  startup_stm32f10x_hd.o(.text)
    .text                                    0x08000204   Section        0  fmul.o(.text)
    .text                                    0x08000268   Section        0  fdiv.o(.text)
    .text                                    0x080002e4   Section        0  ffltui.o(.text)
    .text                                    0x080002ee   Section        0  ffixi.o(.text)
    .text                                    0x08000320   Section        0  f2d.o(.text)
    .text                                    0x08000346   Section        0  uidiv.o(.text)
    .text                                    0x08000372   Section        0  uldiv.o(.text)
    .text                                    0x080003d4   Section        0  iusefp.o(.text)
    .text                                    0x080003d4   Section        0  fepilogue.o(.text)
    .text                                    0x08000442   Section        0  dadd.o(.text)
    .text                                    0x08000590   Section        0  dmul.o(.text)
    .text                                    0x08000674   Section        0  ddiv.o(.text)
    .text                                    0x08000752   Section        0  dfixul.o(.text)
    .text                                    0x08000784   Section       48  cdrcmple.o(.text)
    .text                                    0x080007b4   Section       36  init.o(.text)
    .text                                    0x080007d8   Section        0  llshl.o(.text)
    .text                                    0x080007f6   Section        0  llushr.o(.text)
    .text                                    0x08000816   Section        0  llsshr.o(.text)
    .text                                    0x0800083a   Section        0  depilogue.o(.text)
    .text                                    0x080008f4   Section        0  __dczerorl2.o(.text)
    i.ADC_Cmd                                0x0800094a   Section        0  stm32f10x_adc.o(i.ADC_Cmd)
    i.ADC_DeInit                             0x08000960   Section        0  stm32f10x_adc.o(i.ADC_DeInit)
    i.ADC_GetCalibrationStatus               0x080009bc   Section        0  stm32f10x_adc.o(i.ADC_GetCalibrationStatus)
    i.ADC_GetConversionValue                 0x080009d0   Section        0  stm32f10x_adc.o(i.ADC_GetConversionValue)
    i.ADC_GetFlagStatus                      0x080009d8   Section        0  stm32f10x_adc.o(i.ADC_GetFlagStatus)
    i.ADC_GetResetCalibrationStatus          0x080009ea   Section        0  stm32f10x_adc.o(i.ADC_GetResetCalibrationStatus)
    i.ADC_Init                               0x08000a00   Section        0  stm32f10x_adc.o(i.ADC_Init)
    i.ADC_RegularChannelConfig               0x08000a50   Section        0  stm32f10x_adc.o(i.ADC_RegularChannelConfig)
    i.ADC_ResetCalibration                   0x08000b08   Section        0  stm32f10x_adc.o(i.ADC_ResetCalibration)
    i.ADC_SoftwareStartConvCmd               0x08000b12   Section        0  stm32f10x_adc.o(i.ADC_SoftwareStartConvCmd)
    i.ADC_StartCalibration                   0x08000b28   Section        0  stm32f10x_adc.o(i.ADC_StartCalibration)
    i.ADC_config                             0x08000b34   Section        0  adc.o(i.ADC_config)
    i.AdcTask                                0x08000bcc   Section        0  main.o(i.AdcTask)
    i.AppTask                                0x08000c8c   Section        0  main.o(i.AppTask)
    i.BS18B20_WriteByte                      0x08000d80   Section        0  ds18b20.o(i.BS18B20_WriteByte)
    i.BusFault_Handler                       0x08000de4   Section        0  stm32f10x_it.o(i.BusFault_Handler)
    i.DS18B20_CheckDevice                    0x08000de8   Section        0  ds18b20.o(i.DS18B20_CheckDevice)
    i.DS18B20_CheckReadySingle               0x08000df4   Section        0  ds18b20.o(i.DS18B20_CheckReadySingle)
    i.DS18B20_GetTemperature                 0x08000e70   Section        0  ds18b20.o(i.DS18B20_GetTemperature)
    i.DS18B20_Init                           0x08000ed8   Section        0  ds18b20.o(i.DS18B20_Init)
    i.DS18B20_ReadByte                       0x08000f84   Section        0  ds18b20.o(i.DS18B20_ReadByte)
    i.DS18B20_SendRestSingle                 0x08001004   Section        0  ds18b20.o(i.DS18B20_SendRestSingle)
    i.DebugMon_Handler                       0x08001048   Section        0  stm32f10x_it.o(i.DebugMon_Handler)
    i.GPIO_Configuration                     0x0800104c   Section        0  main.o(i.GPIO_Configuration)
    i.GPIO_Init                              0x080010b4   Section        0  stm32f10x_gpio.o(i.GPIO_Init)
    i.GPIO_ReadInputDataBit                  0x080011ca   Section        0  stm32f10x_gpio.o(i.GPIO_ReadInputDataBit)
    i.GPIO_ResetBits                         0x080011dc   Section        0  stm32f10x_gpio.o(i.GPIO_ResetBits)
    i.GPIO_SetBits                           0x080011e0   Section        0  stm32f10x_gpio.o(i.GPIO_SetBits)
    i.Get_ADC_value                          0x080011e4   Section        0  adc.o(i.Get_ADC_value)
    i.HardFault_Handler                      0x08001214   Section        0  stm32f10x_it.o(i.HardFault_Handler)
    i.IIC_Init                               0x08001218   Section        0  myiic.o(i.IIC_Init)
    i.IIC_Send_Byte                          0x0800124c   Section        0  myiic.o(i.IIC_Send_Byte)
    i.IIC_Start                              0x080012b4   Section        0  myiic.o(i.IIC_Start)
    i.IIC_Stop                               0x08001300   Section        0  myiic.o(i.IIC_Stop)
    i.IIC_Wait_Ack                           0x0800134c   Section        0  myiic.o(i.IIC_Wait_Ack)
    i.LIne_Clear                             0x080013b0   Section        0  oled.o(i.LIne_Clear)
    i.LedTask                                0x08001440   Section        0  main.o(i.LedTask)
    i.MemManage_Handler                      0x08001488   Section        0  stm32f10x_it.o(i.MemManage_Handler)
    i.MenuTask                               0x0800148c   Section        0  main.o(i.MenuTask)
    i.NMI_Handler                            0x08001798   Section        0  stm32f10x_it.o(i.NMI_Handler)
    i.NVIC_Init                              0x0800179c   Section        0  misc.o(i.NVIC_Init)
    i.NVIC_PriorityGroupConfig               0x0800180c   Section        0  misc.o(i.NVIC_PriorityGroupConfig)
    i.OLED_Clear                             0x08001820   Section        0  oled.o(i.OLED_Clear)
    i.OLED_Config                            0x08001858   Section        0  oled.o(i.OLED_Config)
    i.OLED_DrawBMP                           0x08001860   Section        0  oled.o(i.OLED_DrawBMP)
    i.OLED_Init                              0x080018d4   Section        0  oled.o(i.OLED_Init)
    i.OLED_SetPos                            0x08001998   Section        0  oled.o(i.OLED_SetPos)
    i.OLED_ShowChar                          0x080019bc   Section        0  oled.o(i.OLED_ShowChar)
    i.OLED_ShowInt                           0x08001a64   Section        0  oled.o(i.OLED_ShowInt)
    i.OLED_ShowStr                           0x08001c3c   Section        0  oled.o(i.OLED_ShowStr)
    i.RCC_ADCCLKConfig                       0x08001d28   Section        0  stm32f10x_rcc.o(i.RCC_ADCCLKConfig)
    i.RCC_APB1PeriphClockCmd                 0x08001d40   Section        0  stm32f10x_rcc.o(i.RCC_APB1PeriphClockCmd)
    i.RCC_APB2PeriphClockCmd                 0x08001d60   Section        0  stm32f10x_rcc.o(i.RCC_APB2PeriphClockCmd)
    i.RCC_APB2PeriphResetCmd                 0x08001d80   Section        0  stm32f10x_rcc.o(i.RCC_APB2PeriphResetCmd)
    i.RCC_Config                             0x08001da0   Section        0  timer.o(i.RCC_Config)
    i.RCC_DeInit                             0x08001de0   Section        0  stm32f10x_rcc.o(i.RCC_DeInit)
    i.RCC_GetClocksFreq                      0x08001e2c   Section        0  stm32f10x_rcc.o(i.RCC_GetClocksFreq)
    i.RCC_GetFlagStatus                      0x08001f00   Section        0  stm32f10x_rcc.o(i.RCC_GetFlagStatus)
    i.RCC_GetSYSCLKSource                    0x08001f3c   Section        0  stm32f10x_rcc.o(i.RCC_GetSYSCLKSource)
    i.RCC_HCLKConfig                         0x08001f4c   Section        0  stm32f10x_rcc.o(i.RCC_HCLKConfig)
    i.RCC_HSEConfig                          0x08001f64   Section        0  stm32f10x_rcc.o(i.RCC_HSEConfig)
    i.RCC_PCLK1Config                        0x08001fb0   Section        0  stm32f10x_rcc.o(i.RCC_PCLK1Config)
    i.RCC_PCLK2Config                        0x08001fc8   Section        0  stm32f10x_rcc.o(i.RCC_PCLK2Config)
    i.RCC_SYSCLKConfig                       0x08001fe0   Section        0  stm32f10x_rcc.o(i.RCC_SYSCLKConfig)
    i.SetSysClock                            0x08001ff8   Section        0  system_stm32f10x.o(i.SetSysClock)
    SetSysClock                              0x08001ff9   Thumb Code     8  system_stm32f10x.o(i.SetSysClock)
    i.SetSysClockToHSE                       0x08002000   Section        0  system_stm32f10x.o(i.SetSysClockToHSE)
    SetSysClockToHSE                         0x08002001   Thumb Code   160  system_stm32f10x.o(i.SetSysClockToHSE)
    i.SysTick_CLKSourceConfig                0x080020a8   Section        0  misc.o(i.SysTick_CLKSourceConfig)
    i.SysTick_Handler                        0x080020d0   Section        0  delay.o(i.SysTick_Handler)
    i.SystemInit                             0x080020e0   Section        0  system_stm32f10x.o(i.SystemInit)
    i.TIM2_Config                            0x08002140   Section        0  timer.o(i.TIM2_Config)
    i.TIM2_IRQHandler                        0x0800219c   Section        0  timer.o(i.TIM2_IRQHandler)
    i.TIM_ClearITPendingBit                  0x080021c4   Section        0  stm32f10x_tim.o(i.TIM_ClearITPendingBit)
    i.TIM_Cmd                                0x080021ca   Section        0  stm32f10x_tim.o(i.TIM_Cmd)
    i.TIM_GetITStatus                        0x080021e2   Section        0  stm32f10x_tim.o(i.TIM_GetITStatus)
    i.TIM_ITConfig                           0x08002204   Section        0  stm32f10x_tim.o(i.TIM_ITConfig)
    i.TIM_TimeBaseInit                       0x08002218   Section        0  stm32f10x_tim.o(i.TIM_TimeBaseInit)
    i.Temp_ds18b20Task                       0x080022bc   Section        0  main.o(i.Temp_ds18b20Task)
    i.USART_ClockInit                        0x080022d4   Section        0  stm32f10x_usart.o(i.USART_ClockInit)
    i.USART_Cmd                              0x080022f6   Section        0  stm32f10x_usart.o(i.USART_Cmd)
    i.USART_GetFlagStatus                    0x0800230e   Section        0  stm32f10x_usart.o(i.USART_GetFlagStatus)
    i.USART_Init                             0x08002328   Section        0  stm32f10x_usart.o(i.USART_Init)
    i.USART_SendData                         0x08002400   Section        0  stm32f10x_usart.o(i.USART_SendData)
    i.UsageFault_Handler                     0x08002408   Section        0  stm32f10x_it.o(i.UsageFault_Handler)
    i.Usart_Init                             0x0800240c   Section        0  usart.o(i.Usart_Init)
    i.WriteCmd                               0x080024a8   Section        0  oled.o(i.WriteCmd)
    i.WriteDat                               0x080024d4   Section        0  oled.o(i.WriteDat)
    i.__0printf                              0x08002500   Section        0  printfa.o(i.__0printf)
    i.__scatterload_copy                     0x08002520   Section       14  handlers.o(i.__scatterload_copy)
    i.__scatterload_null                     0x0800252e   Section        2  handlers.o(i.__scatterload_null)
    i.__scatterload_zeroinit                 0x08002530   Section       14  handlers.o(i.__scatterload_zeroinit)
    i._fp_digits                             0x08002540   Section        0  printfa.o(i._fp_digits)
    _fp_digits                               0x08002541   Thumb Code   366  printfa.o(i._fp_digits)
    i._printf_core                           0x080026c4   Section        0  printfa.o(i._printf_core)
    _printf_core                             0x080026c5   Thumb Code  1704  printfa.o(i._printf_core)
    i._printf_post_padding                   0x08002d78   Section        0  printfa.o(i._printf_post_padding)
    _printf_post_padding                     0x08002d79   Thumb Code    36  printfa.o(i._printf_post_padding)
    i._printf_pre_padding                    0x08002d9c   Section        0  printfa.o(i._printf_pre_padding)
    _printf_pre_padding                      0x08002d9d   Thumb Code    46  printfa.o(i._printf_pre_padding)
    i.delay_init                             0x08002dcc   Section        0  delay.o(i.delay_init)
    i.delay_us                               0x08002e28   Section        0  delay.o(i.delay_us)
    i.delay_xms                              0x08002e70   Section        0  delay.o(i.delay_xms)
    i.display_logotask                       0x08002e88   Section        0  main.o(i.display_logotask)
    i.fputc                                  0x08002f04   Section        0  usart.o(i.fputc)
    i.ledctrl                                0x08002f28   Section        0  timer.o(i.ledctrl)
    i.list_choose                            0x08002f48   Section        0  menu.o(i.list_choose)
    i.main                                   0x08002fcc   Section        0  main.o(i.main)
    i.prvAddCurrentTaskToDelayedList         0x08003038   Section        0  tasks.o(i.prvAddCurrentTaskToDelayedList)
    prvAddCurrentTaskToDelayedList           0x08003039   Thumb Code   124  tasks.o(i.prvAddCurrentTaskToDelayedList)
    i.prvAddNewTaskToReadyList               0x080030d0   Section        0  tasks.o(i.prvAddNewTaskToReadyList)
    prvAddNewTaskToReadyList                 0x080030d1   Thumb Code   150  tasks.o(i.prvAddNewTaskToReadyList)
    i.prvCheckTasksWaitingTermination        0x08003184   Section        0  tasks.o(i.prvCheckTasksWaitingTermination)
    prvCheckTasksWaitingTermination          0x08003185   Thumb Code    60  tasks.o(i.prvCheckTasksWaitingTermination)
    i.prvDeleteTCB                           0x080031cc   Section        0  tasks.o(i.prvDeleteTCB)
    prvDeleteTCB                             0x080031cd   Thumb Code    18  tasks.o(i.prvDeleteTCB)
    i.prvHeapInit                            0x080031e0   Section        0  heap_4.o(i.prvHeapInit)
    prvHeapInit                              0x080031e1   Thumb Code    98  heap_4.o(i.prvHeapInit)
    i.prvIdleTask                            0x0800325c   Section        0  tasks.o(i.prvIdleTask)
    prvIdleTask                              0x0800325d   Thumb Code    32  tasks.o(i.prvIdleTask)
    i.prvInitialiseNewTask                   0x08003284   Section        0  tasks.o(i.prvInitialiseNewTask)
    prvInitialiseNewTask                     0x08003285   Thumb Code   138  tasks.o(i.prvInitialiseNewTask)
    i.prvInitialiseTaskLists                 0x08003310   Section        0  tasks.o(i.prvInitialiseTaskLists)
    prvInitialiseTaskLists                   0x08003311   Thumb Code    70  tasks.o(i.prvInitialiseTaskLists)
    i.prvInsertBlockIntoFreeList             0x08003378   Section        0  heap_4.o(i.prvInsertBlockIntoFreeList)
    prvInsertBlockIntoFreeList               0x08003379   Thumb Code    96  heap_4.o(i.prvInsertBlockIntoFreeList)
    i.prvResetNextTaskUnblockTime            0x080033e0   Section        0  tasks.o(i.prvResetNextTaskUnblockTime)
    prvResetNextTaskUnblockTime              0x080033e1   Thumb Code    40  tasks.o(i.prvResetNextTaskUnblockTime)
    i.prvTaskExitError                       0x08003410   Section        0  port.o(i.prvTaskExitError)
    prvTaskExitError                         0x08003411   Thumb Code    22  port.o(i.prvTaskExitError)
    i.prvTestWaitCondition                   0x08003426   Section        0  event_groups.o(i.prvTestWaitCondition)
    prvTestWaitCondition                     0x08003427   Thumb Code    30  event_groups.o(i.prvTestWaitCondition)
    i.pvPortMalloc                           0x08003444   Section        0  heap_4.o(i.pvPortMalloc)
    i.pxPortInitialiseStack                  0x08003524   Section        0  port.o(i.pxPortInitialiseStack)
    i.uxListRemove                           0x08003548   Section        0  list.o(i.uxListRemove)
    i.uxTaskResetEventItemValue              0x08003570   Section        0  tasks.o(i.uxTaskResetEventItemValue)
    i.vListInitialise                        0x0800358c   Section        0  list.o(i.vListInitialise)
    i.vListInitialiseItem                    0x080035a6   Section        0  list.o(i.vListInitialiseItem)
    i.vListInsert                            0x080035ac   Section        0  list.o(i.vListInsert)
    i.vListInsertEnd                         0x080035e0   Section        0  list.o(i.vListInsertEnd)
    i.vPortEnterCritical                     0x080035f8   Section        0  port.o(i.vPortEnterCritical)
    i.vPortExitCritical                      0x0800361c   Section        0  port.o(i.vPortExitCritical)
    i.vPortFree                              0x0800363c   Section        0  heap_4.o(i.vPortFree)
    i.vPortSetupTimerInterrupt               0x08003694   Section        0  port.o(i.vPortSetupTimerInterrupt)
    i.vTaskDelay                             0x080036ac   Section        0  tasks.o(i.vTaskDelay)
    i.vTaskDelete                            0x080036e0   Section        0  tasks.o(i.vTaskDelete)
    i.vTaskPlaceOnUnorderedEventList         0x080037ac   Section        0  tasks.o(i.vTaskPlaceOnUnorderedEventList)
    i.vTaskRemoveFromUnorderedEventList      0x080037d8   Section        0  tasks.o(i.vTaskRemoveFromUnorderedEventList)
    i.vTaskStartScheduler                    0x0800383c   Section        0  tasks.o(i.vTaskStartScheduler)
    i.vTaskSuspendAll                        0x080038a0   Section        0  tasks.o(i.vTaskSuspendAll)
    i.vTaskSwitchContext                     0x080038b0   Section        0  tasks.o(i.vTaskSwitchContext)
    i.xEventGroupClearBits                   0x08003910   Section        0  event_groups.o(i.xEventGroupClearBits)
    i.xEventGroupCreate                      0x08003930   Section        0  event_groups.o(i.xEventGroupCreate)
    i.xEventGroupSetBits                     0x0800394a   Section        0  event_groups.o(i.xEventGroupSetBits)
    i.xEventGroupWaitBits                    0x080039dc   Section        0  event_groups.o(i.xEventGroupWaitBits)
    i.xPortStartScheduler                    0x08003aa8   Section        0  port.o(i.xPortStartScheduler)
    i.xPortSysTickHandler                    0x08003adc   Section        0  port.o(i.xPortSysTickHandler)
    i.xTaskCreate                            0x08003b10   Section        0  tasks.o(i.xTaskCreate)
    i.xTaskGetSchedulerState                 0x08003b70   Section        0  tasks.o(i.xTaskGetSchedulerState)
    i.xTaskIncrementTick                     0x08003b90   Section        0  tasks.o(i.xTaskIncrementTick)
    i.xTaskResumeAll                         0x08003cac   Section        0  tasks.o(i.xTaskResumeAll)
    .constdata                               0x08003d94   Section     2072  oled.o(.constdata)
    .data                                    0x20000000   Section       58  main.o(.data)
    vol                                      0x20000020   Data           4  main.o(.data)
    temp                                     0x20000030   Data           2  main.o(.data)
    key_down                                 0x20000034   Data           4  main.o(.data)
    temp                                     0x20000038   Data           2  main.o(.data)
    .data                                    0x2000003c   Section       20  timer.o(.data)
    .data                                    0x20000050   Section        4  usart.o(.data)
    .data                                    0x20000054   Section        4  delay.o(.data)
    fac_us                                   0x20000054   Data           1  delay.o(.data)
    fac_ms                                   0x20000056   Data           2  delay.o(.data)
    .data                                    0x20000058   Section     2304  oled.o(.data)
    .data                                    0x20000958   Section       16  menu.o(.data)
    value                                    0x20000964   Data           4  menu.o(.data)
    .data                                    0x20000968   Section       20  stm32f10x_rcc.o(.data)
    APBAHBPrescTable                         0x20000968   Data          16  stm32f10x_rcc.o(.data)
    ADCPrescTable                            0x20000978   Data           4  stm32f10x_rcc.o(.data)
    .data                                    0x2000097c   Section       20  system_stm32f10x.o(.data)
    .data                                    0x20000990   Section       60  tasks.o(.data)
    pxDelayedTaskList                        0x20000994   Data           4  tasks.o(.data)
    pxOverflowDelayedTaskList                0x20000998   Data           4  tasks.o(.data)
    uxDeletedTasksWaitingCleanUp             0x2000099c   Data           4  tasks.o(.data)
    uxCurrentNumberOfTasks                   0x200009a0   Data           4  tasks.o(.data)
    xTickCount                               0x200009a4   Data           4  tasks.o(.data)
    uxTopReadyPriority                       0x200009a8   Data           4  tasks.o(.data)
    xSchedulerRunning                        0x200009ac   Data           4  tasks.o(.data)
    xPendedTicks                             0x200009b0   Data           4  tasks.o(.data)
    xYieldPending                            0x200009b4   Data           4  tasks.o(.data)
    xNumOfOverflows                          0x200009b8   Data           4  tasks.o(.data)
    uxTaskNumber                             0x200009bc   Data           4  tasks.o(.data)
    xNextTaskUnblockTime                     0x200009c0   Data           4  tasks.o(.data)
    xIdleTaskHandle                          0x200009c4   Data           4  tasks.o(.data)
    uxSchedulerSuspended                     0x200009c8   Data           4  tasks.o(.data)
    .data                                    0x200009cc   Section       32  heap_4.o(.data)
    xStart                                   0x200009cc   Data           8  heap_4.o(.data)
    pxEnd                                    0x200009d4   Data           4  heap_4.o(.data)
    xFreeBytesRemaining                      0x200009d8   Data           4  heap_4.o(.data)
    xMinimumEverFreeBytesRemaining           0x200009dc   Data           4  heap_4.o(.data)
    xNumberOfSuccessfulAllocations           0x200009e0   Data           4  heap_4.o(.data)
    xNumberOfSuccessfulFrees                 0x200009e4   Data           4  heap_4.o(.data)
    xBlockAllocatedBit                       0x200009e8   Data           4  heap_4.o(.data)
    .data                                    0x200009ec   Section        4  port.o(.data)
    uxCriticalNesting                        0x200009ec   Data           4  port.o(.data)
    .bss                                     0x200009f0   Section      200  tasks.o(.bss)
    pxReadyTasksLists                        0x200009f0   Data         100  tasks.o(.bss)
    xDelayedTaskList1                        0x20000a54   Data          20  tasks.o(.bss)
    xDelayedTaskList2                        0x20000a68   Data          20  tasks.o(.bss)
    xPendingReadyList                        0x20000a7c   Data          20  tasks.o(.bss)
    xTasksWaitingTermination                 0x20000a90   Data          20  tasks.o(.bss)
    xSuspendedTaskList                       0x20000aa4   Data          20  tasks.o(.bss)
    .bss                                     0x20000ab8   Section    10240  heap_4.o(.bss)
    ucHeap                                   0x20000ab8   Data       10240  heap_4.o(.bss)
    STACK                                    0x200032b8   Section     1024  startup_stm32f10x_hd.o(STACK)

    Global Symbols

    Symbol Name                              Value     Ov Type        Size  Object(Section)

    BuildAttributes$$THM_ISAv4$P$D$K$B$S$PE$A:L22UL41UL21$X:L11$S22US41US21$IEEE1$IW$USESV6$~STKCKD$USESV7$~SHL$OTIME$ROPI$EBA8$MICROLIB$REQ8$PRES8$EABIv2 0x00000000   Number         0  anon$$obj.o ABSOLUTE
    __ARM_use_no_argv                        0x00000000   Number         0  main.o ABSOLUTE
    __use_no_errno                           0x00000000   Number         0  useno.o ABSOLUTE
    __use_no_exception_handling              0x00000000   Number         0  useno.o ABSOLUTE
    __use_no_fp                              0x00000000   Number         0  useno.o ABSOLUTE
    __use_no_heap                            0x00000000   Number         0  useno.o ABSOLUTE
    __use_no_heap_region                     0x00000000   Number         0  useno.o ABSOLUTE
    __use_no_semihosting                     0x00000000   Number         0  useno.o ABSOLUTE
    __use_no_semihosting_swi                 0x00000000   Number         0  useno.o ABSOLUTE
    __use_no_signal_handling                 0x00000000   Number         0  useno.o ABSOLUTE
    _printf_a                                0x00000000   Number         0  stubs.o ABSOLUTE
    _printf_c                                0x00000000   Number         0  stubs.o ABSOLUTE
    _printf_charcount                        0x00000000   Number         0  stubs.o ABSOLUTE
    _printf_d                                0x00000000   Number         0  stubs.o ABSOLUTE
    _printf_e                                0x00000000   Number         0  stubs.o ABSOLUTE
    _printf_f                                0x00000000   Number         0  stubs.o ABSOLUTE
    _printf_flags                            0x00000000   Number         0  stubs.o ABSOLUTE
    _printf_fp_dec                           0x00000000   Number         0  stubs.o ABSOLUTE
    _printf_fp_hex                           0x00000000   Number         0  stubs.o ABSOLUTE
    _printf_g                                0x00000000   Number         0  stubs.o ABSOLUTE
    _printf_i                                0x00000000   Number         0  stubs.o ABSOLUTE
    _printf_int_dec                          0x00000000   Number         0  stubs.o ABSOLUTE
    _printf_l                                0x00000000   Number         0  stubs.o ABSOLUTE
    _printf_lc                               0x00000000   Number         0  stubs.o ABSOLUTE
    _printf_ll                               0x00000000   Number         0  stubs.o ABSOLUTE
    _printf_lld                              0x00000000   Number         0  stubs.o ABSOLUTE
    _printf_lli                              0x00000000   Number         0  stubs.o ABSOLUTE
    _printf_llo                              0x00000000   Number         0  stubs.o ABSOLUTE
    _printf_llu                              0x00000000   Number         0  stubs.o ABSOLUTE
    _printf_llx                              0x00000000   Number         0  stubs.o ABSOLUTE
    _printf_longlong_dec                     0x00000000   Number         0  stubs.o ABSOLUTE
    _printf_longlong_hex                     0x00000000   Number         0  stubs.o ABSOLUTE
    _printf_longlong_oct                     0x00000000   Number         0  stubs.o ABSOLUTE
    _printf_ls                               0x00000000   Number         0  stubs.o ABSOLUTE
    _printf_mbtowc                           0x00000000   Number         0  stubs.o ABSOLUTE
    _printf_n                                0x00000000   Number         0  stubs.o ABSOLUTE
    _printf_o                                0x00000000   Number         0  stubs.o ABSOLUTE
    _printf_p                                0x00000000   Number         0  stubs.o ABSOLUTE
    _printf_percent                          0x00000000   Number         0  stubs.o ABSOLUTE
    _printf_pre_padding                      0x00000000   Number         0  stubs.o ABSOLUTE
    _printf_return_value                     0x00000000   Number         0  stubs.o ABSOLUTE
    _printf_s                                0x00000000   Number         0  stubs.o ABSOLUTE
    _printf_sizespec                         0x00000000   Number         0  stubs.o ABSOLUTE
    _printf_str                              0x00000000   Number         0  stubs.o ABSOLUTE
    _printf_truncate_signed                  0x00000000   Number         0  stubs.o ABSOLUTE
    _printf_truncate_unsigned                0x00000000   Number         0  stubs.o ABSOLUTE
    _printf_u                                0x00000000   Number         0  stubs.o ABSOLUTE
    _printf_wc                               0x00000000   Number         0  stubs.o ABSOLUTE
    _printf_wctomb                           0x00000000   Number         0  stubs.o ABSOLUTE
    _printf_widthprec                        0x00000000   Number         0  stubs.o ABSOLUTE
    _printf_x                                0x00000000   Number         0  stubs.o ABSOLUTE
    __arm_fini_                               - Undefined Weak Reference
    __cpp_initialize__aeabi_                  - Undefined Weak Reference
    __cxa_finalize                            - Undefined Weak Reference
    _clock_init                               - Undefined Weak Reference
    _microlib_exit                            - Undefined Weak Reference
    __Vectors_Size                           0x00000130   Number         0  startup_stm32f10x_hd.o ABSOLUTE
    __Vectors                                0x08000000   Data           4  startup_stm32f10x_hd.o(RESET)
    __Vectors_End                            0x08000130   Data           0  startup_stm32f10x_hd.o(RESET)
    __main                                   0x08000131   Thumb Code     0  entry.o(.ARM.Collect$$$$00000000)
    _main_stk                                0x08000131   Thumb Code     0  entry2.o(.ARM.Collect$$$$00000001)
    _main_scatterload                        0x08000135   Thumb Code     0  entry5.o(.ARM.Collect$$$$00000004)
    __main_after_scatterload                 0x08000139   Thumb Code     0  entry5.o(.ARM.Collect$$$$00000004)
    _main_clock                              0x08000139   Thumb Code     0  entry7b.o(.ARM.Collect$$$$00000008)
    _main_cpp_init                           0x08000139   Thumb Code     0  entry8b.o(.ARM.Collect$$$$0000000A)
    _main_init                               0x08000139   Thumb Code     0  entry9a.o(.ARM.Collect$$$$0000000B)
    __rt_lib_shutdown_fini                   0x08000141   Thumb Code     0  entry12b.o(.ARM.Collect$$$$0000000E)
    __rt_final_cpp                           0x08000145   Thumb Code     0  entry10a.o(.ARM.Collect$$$$0000000F)
    __rt_final_exit                          0x08000145   Thumb Code     0  entry11a.o(.ARM.Collect$$$$00000011)
    SVC_Handler                              0x08000149   Thumb Code    32  port.o(.emb_text)
    __asm___6_port_c_39a90d8d__prvStartFirstTask 0x0800016d   Thumb Code    28  port.o(.emb_text)
    PendSV_Handler                           0x0800018d   Thumb Code    72  port.o(.emb_text)
    vPortGetIPSR                             0x080001d9   Thumb Code     6  port.o(.emb_text)
    Reset_Handler                            0x080001e1   Thumb Code     8  startup_stm32f10x_hd.o(.text)
    ADC1_2_IRQHandler                        0x080001fb   Thumb Code     0  startup_stm32f10x_hd.o(.text)
    ADC3_IRQHandler                          0x080001fb   Thumb Code     0  startup_stm32f10x_hd.o(.text)
    CAN1_RX1_IRQHandler                      0x080001fb   Thumb Code     0  startup_stm32f10x_hd.o(.text)
    CAN1_SCE_IRQHandler                      0x080001fb   Thumb Code     0  startup_stm32f10x_hd.o(.text)
    DMA1_Channel1_IRQHandler                 0x080001fb   Thumb Code     0  startup_stm32f10x_hd.o(.text)
    DMA1_Channel2_IRQHandler                 0x080001fb   Thumb Code     0  startup_stm32f10x_hd.o(.text)
    DMA1_Channel3_IRQHandler                 0x080001fb   Thumb Code     0  startup_stm32f10x_hd.o(.text)
    DMA1_Channel4_IRQHandler                 0x080001fb   Thumb Code     0  startup_stm32f10x_hd.o(.text)
    DMA1_Channel5_IRQHandler                 0x080001fb   Thumb Code     0  startup_stm32f10x_hd.o(.text)
    DMA1_Channel6_IRQHandler                 0x080001fb   Thumb Code     0  startup_stm32f10x_hd.o(.text)
    DMA1_Channel7_IRQHandler                 0x080001fb   Thumb Code     0  startup_stm32f10x_hd.o(.text)
    DMA2_Channel1_IRQHandler                 0x080001fb   Thumb Code     0  startup_stm32f10x_hd.o(.text)
    DMA2_Channel2_IRQHandler                 0x080001fb   Thumb Code     0  startup_stm32f10x_hd.o(.text)
    DMA2_Channel3_IRQHandler                 0x080001fb   Thumb Code     0  startup_stm32f10x_hd.o(.text)
    DMA2_Channel4_5_IRQHandler               0x080001fb   Thumb Code     0  startup_stm32f10x_hd.o(.text)
    EXTI0_IRQHandler                         0x080001fb   Thumb Code     0  startup_stm32f10x_hd.o(.text)
    EXTI15_10_IRQHandler                     0x080001fb   Thumb Code     0  startup_stm32f10x_hd.o(.text)
    EXTI1_IRQHandler                         0x080001fb   Thumb Code     0  startup_stm32f10x_hd.o(.text)
    EXTI2_IRQHandler                         0x080001fb   Thumb Code     0  startup_stm32f10x_hd.o(.text)
    EXTI3_IRQHandler                         0x080001fb   Thumb Code     0  startup_stm32f10x_hd.o(.text)
    EXTI4_IRQHandler                         0x080001fb   Thumb Code     0  startup_stm32f10x_hd.o(.text)
    EXTI9_5_IRQHandler                       0x080001fb   Thumb Code     0  startup_stm32f10x_hd.o(.text)
    FLASH_IRQHandler                         0x080001fb   Thumb Code     0  startup_stm32f10x_hd.o(.text)
    FSMC_IRQHandler                          0x080001fb   Thumb Code     0  startup_stm32f10x_hd.o(.text)
    I2C1_ER_IRQHandler                       0x080001fb   Thumb Code     0  startup_stm32f10x_hd.o(.text)
    I2C1_EV_IRQHandler                       0x080001fb   Thumb Code     0  startup_stm32f10x_hd.o(.text)
    I2C2_ER_IRQHandler                       0x080001fb   Thumb Code     0  startup_stm32f10x_hd.o(.text)
    I2C2_EV_IRQHandler                       0x080001fb   Thumb Code     0  startup_stm32f10x_hd.o(.text)
    PVD_IRQHandler                           0x080001fb   Thumb Code     0  startup_stm32f10x_hd.o(.text)
    RCC_IRQHandler                           0x080001fb   Thumb Code     0  startup_stm32f10x_hd.o(.text)
    RTCAlarm_IRQHandler                      0x080001fb   Thumb Code     0  startup_stm32f10x_hd.o(.text)
    RTC_IRQHandler                           0x080001fb   Thumb Code     0  startup_stm32f10x_hd.o(.text)
    SDIO_IRQHandler                          0x080001fb   Thumb Code     0  startup_stm32f10x_hd.o(.text)
    SPI1_IRQHandler                          0x080001fb   Thumb Code     0  startup_stm32f10x_hd.o(.text)
    SPI2_IRQHandler                          0x080001fb   Thumb Code     0  startup_stm32f10x_hd.o(.text)
    SPI3_IRQHandler                          0x080001fb   Thumb Code     0  startup_stm32f10x_hd.o(.text)
    TAMPER_IRQHandler                        0x080001fb   Thumb Code     0  startup_stm32f10x_hd.o(.text)
    TIM1_BRK_IRQHandler                      0x080001fb   Thumb Code     0  startup_stm32f10x_hd.o(.text)
    TIM1_CC_IRQHandler                       0x080001fb   Thumb Code     0  startup_stm32f10x_hd.o(.text)
    TIM1_TRG_COM_IRQHandler                  0x080001fb   Thumb Code     0  startup_stm32f10x_hd.o(.text)
    TIM1_UP_IRQHandler                       0x080001fb   Thumb Code     0  startup_stm32f10x_hd.o(.text)
    TIM3_IRQHandler                          0x080001fb   Thumb Code     0  startup_stm32f10x_hd.o(.text)
    TIM4_IRQHandler                          0x080001fb   Thumb Code     0  startup_stm32f10x_hd.o(.text)
    TIM5_IRQHandler                          0x080001fb   Thumb Code     0  startup_stm32f10x_hd.o(.text)
    TIM6_IRQHandler                          0x080001fb   Thumb Code     0  startup_stm32f10x_hd.o(.text)
    TIM7_IRQHandler                          0x080001fb   Thumb Code     0  startup_stm32f10x_hd.o(.text)
    TIM8_BRK_IRQHandler                      0x080001fb   Thumb Code     0  startup_stm32f10x_hd.o(.text)
    TIM8_CC_IRQHandler                       0x080001fb   Thumb Code     0  startup_stm32f10x_hd.o(.text)
    TIM8_TRG_COM_IRQHandler                  0x080001fb   Thumb Code     0  startup_stm32f10x_hd.o(.text)
    TIM8_UP_IRQHandler                       0x080001fb   Thumb Code     0  startup_stm32f10x_hd.o(.text)
    UART4_IRQHandler                         0x080001fb   Thumb Code     0  startup_stm32f10x_hd.o(.text)
    UART5_IRQHandler                         0x080001fb   Thumb Code     0  startup_stm32f10x_hd.o(.text)
    USART1_IRQHandler                        0x080001fb   Thumb Code     0  startup_stm32f10x_hd.o(.text)
    USART2_IRQHandler                        0x080001fb   Thumb Code     0  startup_stm32f10x_hd.o(.text)
    USART3_IRQHandler                        0x080001fb   Thumb Code     0  startup_stm32f10x_hd.o(.text)
    USBWakeUp_IRQHandler                     0x080001fb   Thumb Code     0  startup_stm32f10x_hd.o(.text)
    USB_HP_CAN1_TX_IRQHandler                0x080001fb   Thumb Code     0  startup_stm32f10x_hd.o(.text)
    USB_LP_CAN1_RX0_IRQHandler               0x080001fb   Thumb Code     0  startup_stm32f10x_hd.o(.text)
    WWDG_IRQHandler                          0x080001fb   Thumb Code     0  startup_stm32f10x_hd.o(.text)
    __aeabi_fmul                             0x08000205   Thumb Code   100  fmul.o(.text)
    __aeabi_fdiv                             0x08000269   Thumb Code   124  fdiv.o(.text)
    __aeabi_ui2f                             0x080002e5   Thumb Code    10  ffltui.o(.text)
    __aeabi_f2iz                             0x080002ef   Thumb Code    50  ffixi.o(.text)
    __aeabi_f2d                              0x08000321   Thumb Code    38  f2d.o(.text)
    __aeabi_uidiv                            0x08000347   Thumb Code     0  uidiv.o(.text)
    __aeabi_uidivmod                         0x08000347   Thumb Code    44  uidiv.o(.text)
    __aeabi_uldivmod                         0x08000373   Thumb Code    98  uldiv.o(.text)
    __I$use$fp                               0x080003d5   Thumb Code     0  iusefp.o(.text)
    _float_round                             0x080003d5   Thumb Code    18  fepilogue.o(.text)
    _float_epilogue                          0x080003e7   Thumb Code    92  fepilogue.o(.text)
    __aeabi_dadd                             0x08000443   Thumb Code   322  dadd.o(.text)
    __aeabi_dsub                             0x08000585   Thumb Code     6  dadd.o(.text)
    __aeabi_drsub                            0x0800058b   Thumb Code     6  dadd.o(.text)
    __aeabi_dmul                             0x08000591   Thumb Code   228  dmul.o(.text)
    __aeabi_ddiv                             0x08000675   Thumb Code   222  ddiv.o(.text)
    __aeabi_d2ulz                            0x08000753   Thumb Code    48  dfixul.o(.text)
    __aeabi_cdrcmple                         0x08000785   Thumb Code    48  cdrcmple.o(.text)
    __scatterload                            0x080007b5   Thumb Code    28  init.o(.text)
    __scatterload_rt2                        0x080007b5   Thumb Code     0  init.o(.text)
    __aeabi_llsl                             0x080007d9   Thumb Code    30  llshl.o(.text)
    _ll_shift_l                              0x080007d9   Thumb Code     0  llshl.o(.text)
    __aeabi_llsr                             0x080007f7   Thumb Code    32  llushr.o(.text)
    _ll_ushift_r                             0x080007f7   Thumb Code     0  llushr.o(.text)
    __aeabi_lasr                             0x08000817   Thumb Code    36  llsshr.o(.text)
    _ll_sshift_r                             0x08000817   Thumb Code     0  llsshr.o(.text)
    _double_round                            0x0800083b   Thumb Code    30  depilogue.o(.text)
    _double_epilogue                         0x08000859   Thumb Code   156  depilogue.o(.text)
    __decompress                             0x080008f5   Thumb Code     0  __dczerorl2.o(.text)
    __decompress1                            0x080008f5   Thumb Code    86  __dczerorl2.o(.text)
    ADC_Cmd                                  0x0800094b   Thumb Code    22  stm32f10x_adc.o(i.ADC_Cmd)
    ADC_DeInit                               0x08000961   Thumb Code    78  stm32f10x_adc.o(i.ADC_DeInit)
    ADC_GetCalibrationStatus                 0x080009bd   Thumb Code    20  stm32f10x_adc.o(i.ADC_GetCalibrationStatus)
    ADC_GetConversionValue                   0x080009d1   Thumb Code     8  stm32f10x_adc.o(i.ADC_GetConversionValue)
    ADC_GetFlagStatus                        0x080009d9   Thumb Code    18  stm32f10x_adc.o(i.ADC_GetFlagStatus)
    ADC_GetResetCalibrationStatus            0x080009eb   Thumb Code    20  stm32f10x_adc.o(i.ADC_GetResetCalibrationStatus)
    ADC_Init                                 0x08000a01   Thumb Code    70  stm32f10x_adc.o(i.ADC_Init)
    ADC_RegularChannelConfig                 0x08000a51   Thumb Code   184  stm32f10x_adc.o(i.ADC_RegularChannelConfig)
    ADC_ResetCalibration                     0x08000b09   Thumb Code    10  stm32f10x_adc.o(i.ADC_ResetCalibration)
    ADC_SoftwareStartConvCmd                 0x08000b13   Thumb Code    22  stm32f10x_adc.o(i.ADC_SoftwareStartConvCmd)
    ADC_StartCalibration                     0x08000b29   Thumb Code    10  stm32f10x_adc.o(i.ADC_StartCalibration)
    ADC_config                               0x08000b35   Thumb Code   144  adc.o(i.ADC_config)
    AdcTask                                  0x08000bcd   Thumb Code   132  main.o(i.AdcTask)
    AppTask                                  0x08000c8d   Thumb Code   128  main.o(i.AppTask)
    BS18B20_WriteByte                        0x08000d81   Thumb Code    86  ds18b20.o(i.BS18B20_WriteByte)
    BusFault_Handler                         0x08000de5   Thumb Code     4  stm32f10x_it.o(i.BusFault_Handler)
    DS18B20_CheckDevice                      0x08000de9   Thumb Code    12  ds18b20.o(i.DS18B20_CheckDevice)
    DS18B20_CheckReadySingle                 0x08000df5   Thumb Code   114  ds18b20.o(i.DS18B20_CheckReadySingle)
    DS18B20_GetTemperature                   0x08000e71   Thumb Code    86  ds18b20.o(i.DS18B20_GetTemperature)
    DS18B20_Init                             0x08000ed9   Thumb Code    88  ds18b20.o(i.DS18B20_Init)
    DS18B20_ReadByte                         0x08000f85   Thumb Code   116  ds18b20.o(i.DS18B20_ReadByte)
    DS18B20_SendRestSingle                   0x08001005   Thumb Code    54  ds18b20.o(i.DS18B20_SendRestSingle)
    DebugMon_Handler                         0x08001049   Thumb Code     2  stm32f10x_it.o(i.DebugMon_Handler)
    GPIO_Configuration                       0x0800104d   Thumb Code    98  main.o(i.GPIO_Configuration)
    GPIO_Init                                0x080010b5   Thumb Code   278  stm32f10x_gpio.o(i.GPIO_Init)
    GPIO_ReadInputDataBit                    0x080011cb   Thumb Code    18  stm32f10x_gpio.o(i.GPIO_ReadInputDataBit)
    GPIO_ResetBits                           0x080011dd   Thumb Code     4  stm32f10x_gpio.o(i.GPIO_ResetBits)
    GPIO_SetBits                             0x080011e1   Thumb Code     4  stm32f10x_gpio.o(i.GPIO_SetBits)
    Get_ADC_value                            0x080011e5   Thumb Code    44  adc.o(i.Get_ADC_value)
    HardFault_Handler                        0x08001215   Thumb Code     4  stm32f10x_it.o(i.HardFault_Handler)
    IIC_Init                                 0x08001219   Thumb Code    46  myiic.o(i.IIC_Init)
    IIC_Send_Byte                            0x0800124d   Thumb Code    90  myiic.o(i.IIC_Send_Byte)
    IIC_Start                                0x080012b5   Thumb Code    64  myiic.o(i.IIC_Start)
    IIC_Stop                                 0x08001301   Thumb Code    62  myiic.o(i.IIC_Stop)
    IIC_Wait_Ack                             0x0800134d   Thumb Code    86  myiic.o(i.IIC_Wait_Ack)
    LIne_Clear                               0x080013b1   Thumb Code   134  oled.o(i.LIne_Clear)
    LedTask                                  0x08001441   Thumb Code    68  main.o(i.LedTask)
    MemManage_Handler                        0x08001489   Thumb Code     4  stm32f10x_it.o(i.MemManage_Handler)
    MenuTask                                 0x0800148d   Thumb Code   604  main.o(i.MenuTask)
    NMI_Handler                              0x08001799   Thumb Code     2  stm32f10x_it.o(i.NMI_Handler)
    NVIC_Init                                0x0800179d   Thumb Code   100  misc.o(i.NVIC_Init)
    NVIC_PriorityGroupConfig                 0x0800180d   Thumb Code    10  misc.o(i.NVIC_PriorityGroupConfig)
    OLED_Clear                               0x08001821   Thumb Code    56  oled.o(i.OLED_Clear)
    OLED_Config                              0x08001859   Thumb Code     8  oled.o(i.OLED_Config)
    OLED_DrawBMP                             0x08001861   Thumb Code   116  oled.o(i.OLED_DrawBMP)
    OLED_Init                                0x080018d5   Thumb Code   196  oled.o(i.OLED_Init)
    OLED_SetPos                              0x08001999   Thumb Code    36  oled.o(i.OLED_SetPos)
    OLED_ShowChar                            0x080019bd   Thumb Code   158  oled.o(i.OLED_ShowChar)
    OLED_ShowInt                             0x08001a65   Thumb Code   472  oled.o(i.OLED_ShowInt)
    OLED_ShowStr                             0x08001c3d   Thumb Code   228  oled.o(i.OLED_ShowStr)
    RCC_ADCCLKConfig                         0x08001d29   Thumb Code    18  stm32f10x_rcc.o(i.RCC_ADCCLKConfig)
    RCC_APB1PeriphClockCmd                   0x08001d41   Thumb Code    26  stm32f10x_rcc.o(i.RCC_APB1PeriphClockCmd)
    RCC_APB2PeriphClockCmd                   0x08001d61   Thumb Code    26  stm32f10x_rcc.o(i.RCC_APB2PeriphClockCmd)
    RCC_APB2PeriphResetCmd                   0x08001d81   Thumb Code    26  stm32f10x_rcc.o(i.RCC_APB2PeriphResetCmd)
    RCC_Config                               0x08001da1   Thumb Code    62  timer.o(i.RCC_Config)
    RCC_DeInit                               0x08001de1   Thumb Code    64  stm32f10x_rcc.o(i.RCC_DeInit)
    RCC_GetClocksFreq                        0x08001e2d   Thumb Code   192  stm32f10x_rcc.o(i.RCC_GetClocksFreq)
    RCC_GetFlagStatus                        0x08001f01   Thumb Code    56  stm32f10x_rcc.o(i.RCC_GetFlagStatus)
    RCC_GetSYSCLKSource                      0x08001f3d   Thumb Code    10  stm32f10x_rcc.o(i.RCC_GetSYSCLKSource)
    RCC_HCLKConfig                           0x08001f4d   Thumb Code    18  stm32f10x_rcc.o(i.RCC_HCLKConfig)
    RCC_HSEConfig                            0x08001f65   Thumb Code    70  stm32f10x_rcc.o(i.RCC_HSEConfig)
    RCC_PCLK1Config                          0x08001fb1   Thumb Code    18  stm32f10x_rcc.o(i.RCC_PCLK1Config)
    RCC_PCLK2Config                          0x08001fc9   Thumb Code    20  stm32f10x_rcc.o(i.RCC_PCLK2Config)
    RCC_SYSCLKConfig                         0x08001fe1   Thumb Code    18  stm32f10x_rcc.o(i.RCC_SYSCLKConfig)
    SysTick_CLKSourceConfig                  0x080020a9   Thumb Code    40  misc.o(i.SysTick_CLKSourceConfig)
    SysTick_Handler                          0x080020d1   Thumb Code    16  delay.o(i.SysTick_Handler)
    SystemInit                               0x080020e1   Thumb Code    78  system_stm32f10x.o(i.SystemInit)
    TIM2_Config                              0x08002141   Thumb Code    92  timer.o(i.TIM2_Config)
    TIM2_IRQHandler                          0x0800219d   Thumb Code    36  timer.o(i.TIM2_IRQHandler)
    TIM_ClearITPendingBit                    0x080021c5   Thumb Code     6  stm32f10x_tim.o(i.TIM_ClearITPendingBit)
    TIM_Cmd                                  0x080021cb   Thumb Code    24  stm32f10x_tim.o(i.TIM_Cmd)
    TIM_GetITStatus                          0x080021e3   Thumb Code    34  stm32f10x_tim.o(i.TIM_GetITStatus)
    TIM_ITConfig                             0x08002205   Thumb Code    18  stm32f10x_tim.o(i.TIM_ITConfig)
    TIM_TimeBaseInit                         0x08002219   Thumb Code   122  stm32f10x_tim.o(i.TIM_TimeBaseInit)
    Temp_ds18b20Task                         0x080022bd   Thumb Code    20  main.o(i.Temp_ds18b20Task)
    USART_ClockInit                          0x080022d5   Thumb Code    34  stm32f10x_usart.o(i.USART_ClockInit)
    USART_Cmd                                0x080022f7   Thumb Code    24  stm32f10x_usart.o(i.USART_Cmd)
    USART_GetFlagStatus                      0x0800230f   Thumb Code    26  stm32f10x_usart.o(i.USART_GetFlagStatus)
    USART_Init                               0x08002329   Thumb Code   210  stm32f10x_usart.o(i.USART_Init)
    USART_SendData                           0x08002401   Thumb Code     8  stm32f10x_usart.o(i.USART_SendData)
    UsageFault_Handler                       0x08002409   Thumb Code     4  stm32f10x_it.o(i.UsageFault_Handler)
    Usart_Init                               0x0800240d   Thumb Code   146  usart.o(i.Usart_Init)
    WriteCmd                                 0x080024a9   Thumb Code    44  oled.o(i.WriteCmd)
    WriteDat                                 0x080024d5   Thumb Code    44  oled.o(i.WriteDat)
    __0printf                                0x08002501   Thumb Code    22  printfa.o(i.__0printf)
    __1printf                                0x08002501   Thumb Code     0  printfa.o(i.__0printf)
    __2printf                                0x08002501   Thumb Code     0  printfa.o(i.__0printf)
    __c89printf                              0x08002501   Thumb Code     0  printfa.o(i.__0printf)
    printf                                   0x08002501   Thumb Code     0  printfa.o(i.__0printf)
    __scatterload_copy                       0x08002521   Thumb Code    14  handlers.o(i.__scatterload_copy)
    __scatterload_null                       0x0800252f   Thumb Code     2  handlers.o(i.__scatterload_null)
    __scatterload_zeroinit                   0x08002531   Thumb Code    14  handlers.o(i.__scatterload_zeroinit)
    delay_init                               0x08002dcd   Thumb Code    74  delay.o(i.delay_init)
    delay_us                                 0x08002e29   Thumb Code    68  delay.o(i.delay_us)
    delay_xms                                0x08002e71   Thumb Code    24  delay.o(i.delay_xms)
    display_logotask                         0x08002e89   Thumb Code   102  main.o(i.display_logotask)
    fputc                                    0x08002f05   Thumb Code    32  usart.o(i.fputc)
    ledctrl                                  0x08002f29   Thumb Code    28  timer.o(i.ledctrl)
    list_choose                              0x08002f49   Thumb Code   110  menu.o(i.list_choose)
    main                                     0x08002fcd   Thumb Code    90  main.o(i.main)
    pvPortMalloc                             0x08003445   Thumb Code   198  heap_4.o(i.pvPortMalloc)
    pxPortInitialiseStack                    0x08003525   Thumb Code    30  port.o(i.pxPortInitialiseStack)
    uxListRemove                             0x08003549   Thumb Code    40  list.o(i.uxListRemove)
    uxTaskResetEventItemValue                0x08003571   Thumb Code    24  tasks.o(i.uxTaskResetEventItemValue)
    vListInitialise                          0x0800358d   Thumb Code    26  list.o(i.vListInitialise)
    vListInitialiseItem                      0x080035a7   Thumb Code     6  list.o(i.vListInitialiseItem)
    vListInsert                              0x080035ad   Thumb Code    52  list.o(i.vListInsert)
    vListInsertEnd                           0x080035e1   Thumb Code    24  list.o(i.vListInsertEnd)
    vPortEnterCritical                       0x080035f9   Thumb Code    30  port.o(i.vPortEnterCritical)
    vPortExitCritical                        0x0800361d   Thumb Code    28  port.o(i.vPortExitCritical)
    vPortFree                                0x0800363d   Thumb Code    74  heap_4.o(i.vPortFree)
    vPortSetupTimerInterrupt                 0x08003695   Thumb Code    22  port.o(i.vPortSetupTimerInterrupt)
    vTaskDelay                               0x080036ad   Thumb Code    46  tasks.o(i.vTaskDelay)
    vTaskDelete                              0x080036e1   Thumb Code   166  tasks.o(i.vTaskDelete)
    vTaskPlaceOnUnorderedEventList           0x080037ad   Thumb Code    40  tasks.o(i.vTaskPlaceOnUnorderedEventList)
    vTaskRemoveFromUnorderedEventList        0x080037d9   Thumb Code    82  tasks.o(i.vTaskRemoveFromUnorderedEventList)
    vTaskStartScheduler                      0x0800383d   Thumb Code    72  tasks.o(i.vTaskStartScheduler)
    vTaskSuspendAll                          0x080038a1   Thumb Code    12  tasks.o(i.vTaskSuspendAll)
    vTaskSwitchContext                       0x080038b1   Thumb Code    76  tasks.o(i.vTaskSwitchContext)
    xEventGroupClearBits                     0x08003911   Thumb Code    32  event_groups.o(i.xEventGroupClearBits)
    xEventGroupCreate                        0x08003931   Thumb Code    26  event_groups.o(i.xEventGroupCreate)
    xEventGroupSetBits                       0x0800394b   Thumb Code   146  event_groups.o(i.xEventGroupSetBits)
    xEventGroupWaitBits                      0x080039dd   Thumb Code   198  event_groups.o(i.xEventGroupWaitBits)
    xPortStartScheduler                      0x08003aa9   Thumb Code    42  port.o(i.xPortStartScheduler)
    xPortSysTickHandler                      0x08003add   Thumb Code    46  port.o(i.xPortSysTickHandler)
    xTaskCreate                              0x08003b11   Thumb Code    96  tasks.o(i.xTaskCreate)
    xTaskGetSchedulerState                   0x08003b71   Thumb Code    24  tasks.o(i.xTaskGetSchedulerState)
    xTaskIncrementTick                       0x08003b91   Thumb Code   238  tasks.o(i.xTaskIncrementTick)
    xTaskResumeAll                           0x08003cad   Thumb Code   196  tasks.o(i.xTaskResumeAll)
    F6x8                                     0x08003d94   Data         552  oled.o(.constdata)
    F8X16                                    0x08003fbc   Data        1520  oled.o(.constdata)
    Region$$Table$$Base                      0x080045ac   Number         0  anon$$obj.o(Region$$Table)
    Region$$Table$$Limit                     0x080045cc   Number         0  anon$$obj.o(Region$$Table)
    AppTask_Handle                           0x20000000   Data           4  main.o(.data)
    LEDTask_Handle                           0x20000004   Data           4  main.o(.data)
    ADCTask_Handle                           0x20000008   Data           4  main.o(.data)
    DISPLAY_LOGOTask_Handle                  0x2000000c   Data           4  main.o(.data)
    MENUTask_Handle                          0x20000010   Data           4  main.o(.data)
    TEMPTask_Handle                          0x20000014   Data           4  main.o(.data)
    EventGroupHandler                        0x20000018   Data           4  main.o(.data)
    face                                     0x2000001c   Data           1  main.o(.data)
    temperature                              0x20000024   Data           5  main.o(.data)
    chooselist                               0x2000002c   Data           4  main.o(.data)
    LEDPWMMax                                0x2000003c   Data           2  timer.o(.data)
    LEDPWMSetOPEN                            0x2000003e   Data           2  timer.o(.data)
    LEDPWMSetCLOSE                           0x20000040   Data           2  timer.o(.data)
    softtime                                 0x20000044   Data           4  timer.o(.data)
    Iset                                     0x20000048   Data           2  timer.o(.data)
    i                                        0x2000004a   Data           2  timer.o(.data)
    j                                        0x2000004c   Data           2  timer.o(.data)
    turn_on                                  0x2000004e   Data           2  timer.o(.data)
    __stdout                                 0x20000050   Data           4  usart.o(.data)
    BMP1                                     0x20000058   Data        1152  oled.o(.data)
    BMP2                                     0x200004d8   Data        1152  oled.o(.data)
    menu                                     0x20000958   Data          12  menu.o(.data)
    SystemCoreClock                          0x2000097c   Data           4  system_stm32f10x.o(.data)
    AHBPrescTable                            0x20000980   Data          16  system_stm32f10x.o(.data)
    pxCurrentTCB                             0x20000990   Data           4  tasks.o(.data)
    __initial_sp                             0x200036b8   Data           0  startup_stm32f10x_hd.o(STACK)



==============================================================================

Memory Map of the image

  Image Entry point : 0x08000131

  Load Region LR_IROM1 (Base: 0x08000000, Size: 0x00004fbc, Max: 0x00010000, ABSOLUTE, COMPRESSED[0x00004950])

    Execution Region ER_IROM1 (Exec base: 0x08000000, Load base: 0x08000000, Size: 0x000045cc, Max: 0x00010000, ABSOLUTE)

    Exec Addr    Load Addr    Size         Type   Attr      Idx    E Section Name        Object

    0x08000000   0x08000000   0x00000130   Data   RO         3668    RESET               startup_stm32f10x_hd.o
    0x08000130   0x08000130   0x00000000   Code   RO         4381  * .ARM.Collect$$$$00000000  mc_w.l(entry.o)
    0x08000130   0x08000130   0x00000004   Code   RO         4659    .ARM.Collect$$$$00000001  mc_w.l(entry2.o)
    0x08000134   0x08000134   0x00000004   Code   RO         4662    .ARM.Collect$$$$00000004  mc_w.l(entry5.o)
    0x08000138   0x08000138   0x00000000   Code   RO         4664    .ARM.Collect$$$$00000008  mc_w.l(entry7b.o)
    0x08000138   0x08000138   0x00000000   Code   RO         4666    .ARM.Collect$$$$0000000A  mc_w.l(entry8b.o)
    0x08000138   0x08000138   0x00000008   Code   RO         4667    .ARM.Collect$$$$0000000B  mc_w.l(entry9a.o)
    0x08000140   0x08000140   0x00000004   Code   RO         4674    .ARM.Collect$$$$0000000E  mc_w.l(entry12b.o)
    0x08000144   0x08000144   0x00000000   Code   RO         4669    .ARM.Collect$$$$0000000F  mc_w.l(entry10a.o)
    0x08000144   0x08000144   0x00000000   Code   RO         4671    .ARM.Collect$$$$00000011  mc_w.l(entry11a.o)
    0x08000144   0x08000144   0x00000004   Code   RO         4660    .ARM.Collect$$$$00002712  mc_w.l(entry2.o)
    0x08000148   0x08000148   0x00000096   Code   RO         4310    .emb_text           port.o
    0x080001de   0x080001de   0x00000002   PAD
    0x080001e0   0x080001e0   0x00000024   Code   RO         3669    .text               startup_stm32f10x_hd.o
    0x08000204   0x08000204   0x00000064   Code   RO         4649    .text               mf_w.l(fmul.o)
    0x08000268   0x08000268   0x0000007c   Code   RO         4651    .text               mf_w.l(fdiv.o)
    0x080002e4   0x080002e4   0x0000000a   Code   RO         4653    .text               mf_w.l(ffltui.o)
    0x080002ee   0x080002ee   0x00000032   Code   RO         4655    .text               mf_w.l(ffixi.o)
    0x08000320   0x08000320   0x00000026   Code   RO         4657    .text               mf_w.l(f2d.o)
    0x08000346   0x08000346   0x0000002c   Code   RO         4675    .text               mc_w.l(uidiv.o)
    0x08000372   0x08000372   0x00000062   Code   RO         4677    .text               mc_w.l(uldiv.o)
    0x080003d4   0x080003d4   0x00000000   Code   RO         4679    .text               mc_w.l(iusefp.o)
    0x080003d4   0x080003d4   0x0000006e   Code   RO         4680    .text               mf_w.l(fepilogue.o)
    0x08000442   0x08000442   0x0000014e   Code   RO         4682    .text               mf_w.l(dadd.o)
    0x08000590   0x08000590   0x000000e4   Code   RO         4684    .text               mf_w.l(dmul.o)
    0x08000674   0x08000674   0x000000de   Code   RO         4686    .text               mf_w.l(ddiv.o)
    0x08000752   0x08000752   0x00000030   Code   RO         4688    .text               mf_w.l(dfixul.o)
    0x08000782   0x08000782   0x00000002   PAD
    0x08000784   0x08000784   0x00000030   Code   RO         4690    .text               mf_w.l(cdrcmple.o)
    0x080007b4   0x080007b4   0x00000024   Code   RO         4692    .text               mc_w.l(init.o)
    0x080007d8   0x080007d8   0x0000001e   Code   RO         4694    .text               mc_w.l(llshl.o)
    0x080007f6   0x080007f6   0x00000020   Code   RO         4696    .text               mc_w.l(llushr.o)
    0x08000816   0x08000816   0x00000024   Code   RO         4698    .text               mc_w.l(llsshr.o)
    0x0800083a   0x0800083a   0x000000ba   Code   RO         4700    .text               mf_w.l(depilogue.o)
    0x080008f4   0x080008f4   0x00000056   Code   RO         4710    .text               mc_w.l(__dczerorl2.o)
    0x0800094a   0x0800094a   0x00000016   Code   RO         1173    i.ADC_Cmd           stm32f10x_adc.o
    0x08000960   0x08000960   0x0000005c   Code   RO         1175    i.ADC_DeInit        stm32f10x_adc.o
    0x080009bc   0x080009bc   0x00000014   Code   RO         1181    i.ADC_GetCalibrationStatus  stm32f10x_adc.o
    0x080009d0   0x080009d0   0x00000008   Code   RO         1182    i.ADC_GetConversionValue  stm32f10x_adc.o
    0x080009d8   0x080009d8   0x00000012   Code   RO         1184    i.ADC_GetFlagStatus  stm32f10x_adc.o
    0x080009ea   0x080009ea   0x00000014   Code   RO         1187    i.ADC_GetResetCalibrationStatus  stm32f10x_adc.o
    0x080009fe   0x080009fe   0x00000002   PAD
    0x08000a00   0x08000a00   0x00000050   Code   RO         1191    i.ADC_Init          stm32f10x_adc.o
    0x08000a50   0x08000a50   0x000000b8   Code   RO         1195    i.ADC_RegularChannelConfig  stm32f10x_adc.o
    0x08000b08   0x08000b08   0x0000000a   Code   RO         1196    i.ADC_ResetCalibration  stm32f10x_adc.o
    0x08000b12   0x08000b12   0x00000016   Code   RO         1198    i.ADC_SoftwareStartConvCmd  stm32f10x_adc.o
    0x08000b28   0x08000b28   0x0000000a   Code   RO         1200    i.ADC_StartCalibration  stm32f10x_adc.o
    0x08000b32   0x08000b32   0x00000002   PAD
    0x08000b34   0x08000b34   0x00000098   Code   RO          248    i.ADC_config        adc.o
    0x08000bcc   0x08000bcc   0x000000c0   Code   RO            1    i.AdcTask           main.o
    0x08000c8c   0x08000c8c   0x000000f4   Code   RO            2    i.AppTask           main.o
    0x08000d80   0x08000d80   0x00000064   Code   RO          576    i.BS18B20_WriteByte  ds18b20.o
    0x08000de4   0x08000de4   0x00000004   Code   RO          154    i.BusFault_Handler  stm32f10x_it.o
    0x08000de8   0x08000de8   0x0000000c   Code   RO          577    i.DS18B20_CheckDevice  ds18b20.o
    0x08000df4   0x08000df4   0x0000007c   Code   RO          578    i.DS18B20_CheckReadySingle  ds18b20.o
    0x08000e70   0x08000e70   0x00000068   Code   RO          579    i.DS18B20_GetTemperature  ds18b20.o
    0x08000ed8   0x08000ed8   0x000000ac   Code   RO          580    i.DS18B20_Init      ds18b20.o
    0x08000f84   0x08000f84   0x00000080   Code   RO          582    i.DS18B20_ReadByte  ds18b20.o
    0x08001004   0x08001004   0x00000044   Code   RO          584    i.DS18B20_SendRestSingle  ds18b20.o
    0x08001048   0x08001048   0x00000002   Code   RO          155    i.DebugMon_Handler  stm32f10x_it.o
    0x0800104a   0x0800104a   0x00000002   PAD
    0x0800104c   0x0800104c   0x00000068   Code   RO            3    i.GPIO_Configuration  main.o
    0x080010b4   0x080010b4   0x00000116   Code   RO          859    i.GPIO_Init         stm32f10x_gpio.o
    0x080011ca   0x080011ca   0x00000012   Code   RO          863    i.GPIO_ReadInputDataBit  stm32f10x_gpio.o
    0x080011dc   0x080011dc   0x00000004   Code   RO          866    i.GPIO_ResetBits    stm32f10x_gpio.o
    0x080011e0   0x080011e0   0x00000004   Code   RO          867    i.GPIO_SetBits      stm32f10x_gpio.o
    0x080011e4   0x080011e4   0x00000030   Code   RO          249    i.Get_ADC_value     adc.o
    0x08001214   0x08001214   0x00000004   Code   RO          156    i.HardFault_Handler  stm32f10x_it.o
    0x08001218   0x08001218   0x00000034   Code   RO          304    i.IIC_Init          myiic.o
    0x0800124c   0x0800124c   0x00000068   Code   RO          307    i.IIC_Send_Byte     myiic.o
    0x080012b4   0x080012b4   0x0000004c   Code   RO          308    i.IIC_Start         myiic.o
    0x08001300   0x08001300   0x0000004c   Code   RO          309    i.IIC_Stop          myiic.o
    0x0800134c   0x0800134c   0x00000064   Code   RO          310    i.IIC_Wait_Ack      myiic.o
    0x080013b0   0x080013b0   0x00000090   Code   RO          427    i.LIne_Clear        oled.o
    0x08001440   0x08001440   0x00000048   Code   RO            4    i.LedTask           main.o
    0x08001488   0x08001488   0x00000004   Code   RO          157    i.MemManage_Handler  stm32f10x_it.o
    0x0800148c   0x0800148c   0x0000030c   Code   RO            5    i.MenuTask          main.o
    0x08001798   0x08001798   0x00000002   Code   RO          158    i.NMI_Handler       stm32f10x_it.o
    0x0800179a   0x0800179a   0x00000002   PAD
    0x0800179c   0x0800179c   0x00000070   Code   RO          643    i.NVIC_Init         misc.o
    0x0800180c   0x0800180c   0x00000014   Code   RO          644    i.NVIC_PriorityGroupConfig  misc.o
    0x08001820   0x08001820   0x00000038   Code   RO          428    i.OLED_Clear        oled.o
    0x08001858   0x08001858   0x00000008   Code   RO          429    i.OLED_Config       oled.o
    0x08001860   0x08001860   0x00000074   Code   RO          430    i.OLED_DrawBMP      oled.o
    0x080018d4   0x080018d4   0x000000c4   Code   RO          433    i.OLED_Init         oled.o
    0x08001998   0x08001998   0x00000024   Code   RO          437    i.OLED_SetPos       oled.o
    0x080019bc   0x080019bc   0x000000a8   Code   RO          438    i.OLED_ShowChar     oled.o
    0x08001a64   0x08001a64   0x000001d8   Code   RO          439    i.OLED_ShowInt      oled.o
    0x08001c3c   0x08001c3c   0x000000ec   Code   RO          440    i.OLED_ShowStr      oled.o
    0x08001d28   0x08001d28   0x00000018   Code   RO          967    i.RCC_ADCCLKConfig  stm32f10x_rcc.o
    0x08001d40   0x08001d40   0x00000020   Code   RO          969    i.RCC_APB1PeriphClockCmd  stm32f10x_rcc.o
    0x08001d60   0x08001d60   0x00000020   Code   RO          971    i.RCC_APB2PeriphClockCmd  stm32f10x_rcc.o
    0x08001d80   0x08001d80   0x00000020   Code   RO          972    i.RCC_APB2PeriphResetCmd  stm32f10x_rcc.o
    0x08001da0   0x08001da0   0x0000003e   Code   RO          199    i.RCC_Config        timer.o
    0x08001dde   0x08001dde   0x00000002   PAD
    0x08001de0   0x08001de0   0x0000004c   Code   RO          978    i.RCC_DeInit        stm32f10x_rcc.o
    0x08001e2c   0x08001e2c   0x000000d4   Code   RO          979    i.RCC_GetClocksFreq  stm32f10x_rcc.o
    0x08001f00   0x08001f00   0x0000003c   Code   RO          980    i.RCC_GetFlagStatus  stm32f10x_rcc.o
    0x08001f3c   0x08001f3c   0x00000010   Code   RO          982    i.RCC_GetSYSCLKSource  stm32f10x_rcc.o
    0x08001f4c   0x08001f4c   0x00000018   Code   RO          983    i.RCC_HCLKConfig    stm32f10x_rcc.o
    0x08001f64   0x08001f64   0x0000004c   Code   RO          984    i.RCC_HSEConfig     stm32f10x_rcc.o
    0x08001fb0   0x08001fb0   0x00000018   Code   RO          990    i.RCC_PCLK1Config   stm32f10x_rcc.o
    0x08001fc8   0x08001fc8   0x00000018   Code   RO          991    i.RCC_PCLK2Config   stm32f10x_rcc.o
    0x08001fe0   0x08001fe0   0x00000018   Code   RO          996    i.RCC_SYSCLKConfig  stm32f10x_rcc.o
    0x08001ff8   0x08001ff8   0x00000008   Code   RO         3632    i.SetSysClock       system_stm32f10x.o
    0x08002000   0x08002000   0x000000a8   Code   RO         3633    i.SetSysClockToHSE  system_stm32f10x.o
    0x080020a8   0x080020a8   0x00000028   Code   RO          647    i.SysTick_CLKSourceConfig  misc.o
    0x080020d0   0x080020d0   0x00000010   Code   RO          389    i.SysTick_Handler   delay.o
    0x080020e0   0x080020e0   0x00000060   Code   RO         3635    i.SystemInit        system_stm32f10x.o
    0x08002140   0x08002140   0x0000005c   Code   RO          200    i.TIM2_Config       timer.o
    0x0800219c   0x0800219c   0x00000028   Code   RO          201    i.TIM2_IRQHandler   timer.o
    0x080021c4   0x080021c4   0x00000006   Code   RO         2848    i.TIM_ClearITPendingBit  stm32f10x_tim.o
    0x080021ca   0x080021ca   0x00000018   Code   RO         2853    i.TIM_Cmd           stm32f10x_tim.o
    0x080021e2   0x080021e2   0x00000022   Code   RO         2874    i.TIM_GetITStatus   stm32f10x_tim.o
    0x08002204   0x08002204   0x00000012   Code   RO         2878    i.TIM_ITConfig      stm32f10x_tim.o
    0x08002216   0x08002216   0x00000002   PAD
    0x08002218   0x08002218   0x000000a4   Code   RO         2924    i.TIM_TimeBaseInit  stm32f10x_tim.o
    0x080022bc   0x080022bc   0x00000018   Code   RO            6    i.Temp_ds18b20Task  main.o
    0x080022d4   0x080022d4   0x00000022   Code   RO         3387    i.USART_ClockInit   stm32f10x_usart.o
    0x080022f6   0x080022f6   0x00000018   Code   RO         3389    i.USART_Cmd         stm32f10x_usart.o
    0x0800230e   0x0800230e   0x0000001a   Code   RO         3392    i.USART_GetFlagStatus  stm32f10x_usart.o
    0x08002328   0x08002328   0x000000d8   Code   RO         3396    i.USART_Init        stm32f10x_usart.o
    0x08002400   0x08002400   0x00000008   Code   RO         3406    i.USART_SendData    stm32f10x_usart.o
    0x08002408   0x08002408   0x00000004   Code   RO          159    i.UsageFault_Handler  stm32f10x_it.o
    0x0800240c   0x0800240c   0x0000009c   Code   RO          269    i.Usart_Init        usart.o
    0x080024a8   0x080024a8   0x0000002c   Code   RO          441    i.WriteCmd          oled.o
    0x080024d4   0x080024d4   0x0000002c   Code   RO          442    i.WriteDat          oled.o
    0x08002500   0x08002500   0x00000020   Code   RO         4621    i.__0printf         mc_w.l(printfa.o)
    0x08002520   0x08002520   0x0000000e   Code   RO         4704    i.__scatterload_copy  mc_w.l(handlers.o)
    0x0800252e   0x0800252e   0x00000002   Code   RO         4705    i.__scatterload_null  mc_w.l(handlers.o)
    0x08002530   0x08002530   0x0000000e   Code   RO         4706    i.__scatterload_zeroinit  mc_w.l(handlers.o)
    0x0800253e   0x0800253e   0x00000002   PAD
    0x08002540   0x08002540   0x00000184   Code   RO         4628    i._fp_digits        mc_w.l(printfa.o)
    0x080026c4   0x080026c4   0x000006b4   Code   RO         4629    i._printf_core      mc_w.l(printfa.o)
    0x08002d78   0x08002d78   0x00000024   Code   RO         4630    i._printf_post_padding  mc_w.l(printfa.o)
    0x08002d9c   0x08002d9c   0x0000002e   Code   RO         4631    i._printf_pre_padding  mc_w.l(printfa.o)
    0x08002dca   0x08002dca   0x00000002   PAD
    0x08002dcc   0x08002dcc   0x0000005c   Code   RO          390    i.delay_init        delay.o
    0x08002e28   0x08002e28   0x00000048   Code   RO          392    i.delay_us          delay.o
    0x08002e70   0x08002e70   0x00000018   Code   RO          393    i.delay_xms         delay.o
    0x08002e88   0x08002e88   0x0000007c   Code   RO            7    i.display_logotask  main.o
    0x08002f04   0x08002f04   0x00000024   Code   RO          271    i.fputc             usart.o
    0x08002f28   0x08002f28   0x00000020   Code   RO          203    i.ledctrl           timer.o
    0x08002f48   0x08002f48   0x00000084   Code   RO          539    i.list_choose       menu.o
    0x08002fcc   0x08002fcc   0x0000006c   Code   RO            8    i.main              main.o
    0x08003038   0x08003038   0x00000098   Code   RO         3949    i.prvAddCurrentTaskToDelayedList  tasks.o
    0x080030d0   0x080030d0   0x000000b4   Code   RO         3950    i.prvAddNewTaskToReadyList  tasks.o
    0x08003184   0x08003184   0x00000048   Code   RO         3951    i.prvCheckTasksWaitingTermination  tasks.o
    0x080031cc   0x080031cc   0x00000012   Code   RO         3952    i.prvDeleteTCB      tasks.o
    0x080031de   0x080031de   0x00000002   PAD
    0x080031e0   0x080031e0   0x0000007c   Code   RO         4255    i.prvHeapInit       heap_4.o
    0x0800325c   0x0800325c   0x00000028   Code   RO         3953    i.prvIdleTask       tasks.o
    0x08003284   0x08003284   0x0000008a   Code   RO         3954    i.prvInitialiseNewTask  tasks.o
    0x0800330e   0x0800330e   0x00000002   PAD
    0x08003310   0x08003310   0x00000068   Code   RO         3955    i.prvInitialiseTaskLists  tasks.o
    0x08003378   0x08003378   0x00000068   Code   RO         4256    i.prvInsertBlockIntoFreeList  heap_4.o
    0x080033e0   0x080033e0   0x00000030   Code   RO         3956    i.prvResetNextTaskUnblockTime  tasks.o
    0x08003410   0x08003410   0x00000016   Code   RO         4311    i.prvTaskExitError  port.o
    0x08003426   0x08003426   0x0000001e   Code   RO         3682    i.prvTestWaitCondition  event_groups.o
    0x08003444   0x08003444   0x000000e0   Code   RO         4257    i.pvPortMalloc      heap_4.o
    0x08003524   0x08003524   0x00000024   Code   RO         4312    i.pxPortInitialiseStack  port.o
    0x08003548   0x08003548   0x00000028   Code   RO         3771    i.uxListRemove      list.o
    0x08003570   0x08003570   0x0000001c   Code   RO         3963    i.uxTaskResetEventItemValue  tasks.o
    0x0800358c   0x0800358c   0x0000001a   Code   RO         3772    i.vListInitialise   list.o
    0x080035a6   0x080035a6   0x00000006   Code   RO         3773    i.vListInitialiseItem  list.o
    0x080035ac   0x080035ac   0x00000034   Code   RO         3774    i.vListInsert       list.o
    0x080035e0   0x080035e0   0x00000018   Code   RO         3775    i.vListInsertEnd    list.o
    0x080035f8   0x080035f8   0x00000024   Code   RO         4314    i.vPortEnterCritical  port.o
    0x0800361c   0x0800361c   0x00000020   Code   RO         4315    i.vPortExitCritical  port.o
    0x0800363c   0x0800363c   0x00000058   Code   RO         4258    i.vPortFree         heap_4.o
    0x08003694   0x08003694   0x00000016   Code   RO         4316    i.vPortSetupTimerInterrupt  port.o
    0x080036aa   0x080036aa   0x00000002   PAD
    0x080036ac   0x080036ac   0x00000034   Code   RO         3964    i.vTaskDelay        tasks.o
    0x080036e0   0x080036e0   0x000000cc   Code   RO         3966    i.vTaskDelete       tasks.o
    0x080037ac   0x080037ac   0x0000002c   Code   RO         3972    i.vTaskPlaceOnUnorderedEventList  tasks.o
    0x080037d8   0x080037d8   0x00000064   Code   RO         3974    i.vTaskRemoveFromUnorderedEventList  tasks.o
    0x0800383c   0x0800383c   0x00000064   Code   RO         3977    i.vTaskStartScheduler  tasks.o
    0x080038a0   0x080038a0   0x00000010   Code   RO         3979    i.vTaskSuspendAll   tasks.o
    0x080038b0   0x080038b0   0x00000060   Code   RO         3980    i.vTaskSwitchContext  tasks.o
    0x08003910   0x08003910   0x00000020   Code   RO         3686    i.xEventGroupClearBits  event_groups.o
    0x08003930   0x08003930   0x0000001a   Code   RO         3687    i.xEventGroupCreate  event_groups.o
    0x0800394a   0x0800394a   0x00000092   Code   RO         3689    i.xEventGroupSetBits  event_groups.o
    0x080039dc   0x080039dc   0x000000cc   Code   RO         3691    i.xEventGroupWaitBits  event_groups.o
    0x08003aa8   0x08003aa8   0x00000034   Code   RO         4317    i.xPortStartScheduler  port.o
    0x08003adc   0x08003adc   0x00000034   Code   RO         4318    i.xPortSysTickHandler  port.o
    0x08003b10   0x08003b10   0x00000060   Code   RO         3983    i.xTaskCreate       tasks.o
    0x08003b70   0x08003b70   0x00000020   Code   RO         3988    i.xTaskGetSchedulerState  tasks.o
    0x08003b90   0x08003b90   0x0000011c   Code   RO         3991    i.xTaskIncrementTick  tasks.o
    0x08003cac   0x08003cac   0x000000e8   Code   RO         3993    i.xTaskResumeAll    tasks.o
    0x08003d94   0x08003d94   0x00000818   Data   RO          444    .constdata          oled.o
    0x080045ac   0x080045ac   0x00000020   Data   RO         4702    Region$$Table       anon$$obj.o


    Execution Region RW_IRAM1 (Exec base: 0x20000000, Load base: 0x080045cc, Size: 0x000036b8, Max: 0x00005000, ABSOLUTE, COMPRESSED[0x00000384])

    Exec Addr    Load Addr    Size         Type   Attr      Idx    E Section Name        Object

    0x20000000   COMPRESSED   0x0000003a   Data   RW            9    .data               main.o
    0x2000003a   COMPRESSED   0x00000002   PAD
    0x2000003c   COMPRESSED   0x00000014   Data   RW          204    .data               timer.o
    0x20000050   COMPRESSED   0x00000004   Data   RW          272    .data               usart.o
    0x20000054   COMPRESSED   0x00000004   Data   RW          394    .data               delay.o
    0x20000058   COMPRESSED   0x00000900   Data   RW          445    .data               oled.o
    0x20000958   COMPRESSED   0x00000010   Data   RW          541    .data               menu.o
    0x20000968   COMPRESSED   0x00000014   Data   RW          999    .data               stm32f10x_rcc.o
    0x2000097c   COMPRESSED   0x00000014   Data   RW         3636    .data               system_stm32f10x.o
    0x20000990   COMPRESSED   0x0000003c   Data   RW         3996    .data               tasks.o
    0x200009cc   COMPRESSED   0x00000020   Data   RW         4264    .data               heap_4.o
    0x200009ec   COMPRESSED   0x00000004   Data   RW         4319    .data               port.o
    0x200009f0        -       0x000000c8   Zero   RW         3995    .bss                tasks.o
    0x20000ab8        -       0x00002800   Zero   RW         4263    .bss                heap_4.o
    0x200032b8        -       0x00000400   Zero   RW         3666    STACK               startup_stm32f10x_hd.o


==============================================================================

Image component sizes


      Code (inc. data)   RO Data    RW Data    ZI Data      Debug   Object Name

       200         12          0          0          0      10333   adc.o
       204         22          0          4          0       2470   delay.o
       708        152          0          0          0       4233   ds18b20.o
       438          6          0          0          0      13526   event_groups.o
       540         74          0         32      10240       4151   heap_4.o
       148          0          0          0          0       3370   list.o
      1648        406          0         58          0     247272   main.o
       132         22          0         16          0       1295   menu.o
       172         22          0          0          0       2417   misc.o
       408         60          0          0          0       2765   myiic.o
      1520         28       2072       2304          0       8764   oled.o
       402         44          0          4          0       9492   port.o
        36          8        304          0       1024        936   startup_stm32f10x_hd.o
       486         24          0          0          0       9642   stm32f10x_adc.o
       304          0          0          0          0       4104   stm32f10x_gpio.o
        20          0          0          0          0       2849   stm32f10x_it.o
       656         94          0         20          0      11193   stm32f10x_rcc.o
       246         42          0          0          0       4082   stm32f10x_tim.o
       308          6          0          0          0       5174   stm32f10x_usart.o
         0          0          0          0          0         32   sys.o
       272         26          0         20          0       2393   system_stm32f10x.o
      2036        332          0         60        200      28301   tasks.o
       226          8          0         20          0      22393   timer.o
       192         14          0          4          0       9351   usart.o

    ----------------------------------------------------------------------
     11322       1402       2408       2544      11464     410538   Object Totals
         0          0         32          0          0          0   (incl. Generated)
        20          0          0          2          0          0   (incl. Padding)

    ----------------------------------------------------------------------

      Code (inc. data)   RO Data    RW Data    ZI Data      Debug   Library Member Name

        86          0          0          0          0          0   __dczerorl2.o
         0          0          0          0          0          0   entry.o
         0          0          0          0          0          0   entry10a.o
         0          0          0          0          0          0   entry11a.o
         4          0          0          0          0          0   entry12b.o
         8          4          0          0          0          0   entry2.o
         4          0          0          0          0          0   entry5.o
         0          0          0          0          0          0   entry7b.o
         0          0          0          0          0          0   entry8b.o
         8          4          0          0          0          0   entry9a.o
        30          0          0          0          0          0   handlers.o
        36          8          0          0          0         68   init.o
         0          0          0          0          0          0   iusefp.o
        30          0          0          0          0         68   llshl.o
        36          0          0          0          0         68   llsshr.o
        32          0          0          0          0         68   llushr.o
      2218         90          0          0          0        464   printfa.o
        44          0          0          0          0         80   uidiv.o
        98          0          0          0          0         92   uldiv.o
        48          0          0          0          0         68   cdrcmple.o
       334          0          0          0          0        148   dadd.o
       222          0          0          0          0        100   ddiv.o
       186          0          0          0          0        176   depilogue.o
        48          0          0          0          0         68   dfixul.o
       228          0          0          0          0         96   dmul.o
        38          0          0          0          0         68   f2d.o
       124          0          0          0          0         88   fdiv.o
       110          0          0          0          0        168   fepilogue.o
        50          0          0          0          0         68   ffixi.o
        10          0          0          0          0         68   ffltui.o
       100          0          0          0          0         76   fmul.o

    ----------------------------------------------------------------------
      4138        106          0          0          0       2100   Library Totals
         6          0          0          0          0          0   (incl. Padding)

    ----------------------------------------------------------------------

      Code (inc. data)   RO Data    RW Data    ZI Data      Debug   Library Name

      2634        106          0          0          0        908   mc_w.l
      1498          0          0          0          0       1192   mf_w.l

    ----------------------------------------------------------------------
      4138        106          0          0          0       2100   Library Totals

    ----------------------------------------------------------------------

==============================================================================


      Code (inc. data)   RO Data    RW Data    ZI Data      Debug   

     15460       1508       2408       2544      11464     404966   Grand Totals
     15460       1508       2408        900      11464     404966   ELF Image Totals (compressed)
     15460       1508       2408        900          0          0   ROM Totals

==============================================================================

    Total RO  Size (Code + RO Data)                17868 (  17.45kB)
    Total RW  Size (RW Data + ZI Data)             14008 (  13.68kB)
    Total ROM Size (Code + RO Data + RW Data)      18768 (  18.33kB)

==============================================================================

